2025-07-02T21:03:05.5004574Z ##[group]Run aquasecurity/trivy-action@master
2025-07-02T21:03:05.5004851Z with:
2025-07-02T21:03:05.5005027Z   image-ref: node-api:latest
2025-07-02T21:03:05.5005238Z   format: table
2025-07-02T21:03:05.5005413Z   ignore-unfixed: true
2025-07-02T21:03:05.5005603Z   vuln-type: os,library
2025-07-02T21:03:05.5005783Z   scan-type: image
2025-07-02T21:03:05.5005955Z   scan-ref: .
2025-07-02T21:03:05.5006145Z   severity: UNKNOWN,LOW,MEDIUM,HIGH,CRITICAL
2025-07-02T21:03:05.5006748Z   cache-dir: /home/runner/work/DevSecOps/DevSecOps/.cache/trivy
2025-07-02T21:03:05.5007064Z   list-all-pkgs: false
2025-07-02T21:03:05.5007254Z   version: v0.63.0
2025-07-02T21:03:05.5007422Z   cache: true
2025-07-02T21:03:05.5007585Z   skip-setup-trivy: false
2025-07-02T21:03:05.5007935Z   token-setup-trivy: ***
2025-07-02T21:03:05.5008126Z ##[endgroup]
2025-07-02T21:03:05.5056029Z ##[group]Run aquasecurity/setup-trivy@ff1b8b060f23b650436d419b5e13f67f5d4c3087
2025-07-02T21:03:05.5056373Z with:
2025-07-02T21:03:05.5056757Z   version: v0.63.0
2025-07-02T21:03:05.5056966Z   cache: true
2025-07-02T21:03:05.5057230Z   token: ***
2025-07-02T21:03:05.5057408Z   path: $HOME/.local/bin
2025-07-02T21:03:05.5057606Z ##[endgroup]
2025-07-02T21:03:05.5071466Z ##[group]Run echo "dir=$HOME/.local/bin/trivy-bin" >> $GITHUB_OUTPUT
2025-07-02T21:03:05.5071850Z [36;1mecho "dir=$HOME/.local/bin/trivy-bin" >> $GITHUB_OUTPUT[0m
2025-07-02T21:03:05.5122722Z shell: /usr/bin/bash --noprofile --norc -e -o pipefail {0}
2025-07-02T21:03:05.5123035Z ##[endgroup]
2025-07-02T21:03:05.5227890Z ##[group]Run actions/cache@v4
2025-07-02T21:03:05.5228104Z with:
2025-07-02T21:03:05.5228292Z   path: /home/runner/.local/bin/trivy-bin
2025-07-02T21:03:05.5228548Z   key: trivy-binary-v0.63.0-Linux-X64
2025-07-02T21:03:05.5228807Z   enableCrossOsArchive: false
2025-07-02T21:03:05.5229031Z   fail-on-cache-miss: false
2025-07-02T21:03:05.5229230Z   lookup-only: false
2025-07-02T21:03:05.5229413Z   save-always: false
2025-07-02T21:03:05.5229584Z ##[endgroup]
2025-07-02T21:03:05.8088143Z Cache not found for input keys: trivy-binary-v0.63.0-Linux-X64
2025-07-02T21:03:05.8183770Z ##[group]Run actions/checkout@v4
2025-07-02T21:03:05.8183998Z with:
2025-07-02T21:03:05.8184172Z   repository: aquasecurity/trivy
2025-07-02T21:03:05.8184396Z   sparse-checkout: contrib

2025-07-02T21:03:05.8184597Z   path: trivy
2025-07-02T21:03:05.8184772Z   fetch-depth: 1
2025-07-02T21:03:05.8184974Z   github-server-url: https://github.com
2025-07-02T21:03:05.8185352Z   token: ***
2025-07-02T21:03:05.8185526Z   ssh-strict: true
2025-07-02T21:03:05.8185697Z   ssh-user: git
2025-07-02T21:03:05.8186044Z   persist-credentials: true
2025-07-02T21:03:05.8186244Z   clean: true
2025-07-02T21:03:05.8186591Z   sparse-checkout-cone-mode: true
2025-07-02T21:03:05.8186814Z   fetch-tags: false
2025-07-02T21:03:05.8186990Z   show-progress: true
2025-07-02T21:03:05.8187162Z   lfs: false
2025-07-02T21:03:05.8187330Z   submodules: false
2025-07-02T21:03:05.8187505Z   set-safe-directory: true
2025-07-02T21:03:05.8187696Z ##[endgroup]
2025-07-02T21:03:05.9102750Z Syncing repository: aquasecurity/trivy
2025-07-02T21:03:05.9111411Z ##[group]Getting Git version info
2025-07-02T21:03:05.9113146Z Working directory is '/home/runner/work/DevSecOps/DevSecOps/trivy'
2025-07-02T21:03:05.9158583Z [command]/usr/bin/git version
2025-07-02T21:03:05.9198900Z git version 2.49.0
2025-07-02T21:03:05.9226257Z ##[endgroup]
2025-07-02T21:03:05.9239069Z Temporarily overriding HOME='/home/runner/work/_temp/f92a3380-7d44-4b6f-8ec4-fad40c464820' before making global git config changes
2025-07-02T21:03:05.9240484Z Adding repository directory to the temporary git global config as a safe directory
2025-07-02T21:03:05.9253714Z [command]/usr/bin/git config --global --add safe.directory /home/runner/work/DevSecOps/DevSecOps/trivy
2025-07-02T21:03:05.9283623Z ##[group]Initializing the repository
2025-07-02T21:03:05.9288297Z [command]/usr/bin/git init /home/runner/work/DevSecOps/DevSecOps/trivy
2025-07-02T21:03:05.9332028Z hint: Using 'master' as the name for the initial branch. This default branch name
2025-07-02T21:03:05.9333543Z hint: is subject to change. To configure the initial branch name to use in all
2025-07-02T21:03:05.9334738Z hint: of your new repositories, which will suppress this warning, call:
2025-07-02T21:03:05.9336197Z hint:
2025-07-02T21:03:05.9336941Z hint: 	git config --global init.defaultBranch <name>
2025-07-02T21:03:05.9337445Z hint:
2025-07-02T21:03:05.9337917Z hint: Names commonly chosen instead of 'master' are 'main', 'trunk' and
2025-07-02T21:03:05.9338727Z hint: 'development'. The just-created branch can be renamed via this command:
2025-07-02T21:03:05.9339357Z hint:
2025-07-02T21:03:05.9339682Z hint: 	git branch -m <name>
2025-07-02T21:03:05.9340339Z Initialized empty Git repository in /home/runner/work/DevSecOps/DevSecOps/trivy/.git/
2025-07-02T21:03:05.9346715Z [command]/usr/bin/git remote add origin https://github.com/aquasecurity/trivy
2025-07-02T21:03:05.9381893Z ##[endgroup]
2025-07-02T21:03:05.9384653Z ##[group]Disabling automatic garbage collection
2025-07-02T21:03:05.9385237Z [command]/usr/bin/git config --local gc.auto 0
2025-07-02T21:03:05.9414159Z ##[endgroup]
2025-07-02T21:03:05.9414729Z ##[group]Setting up auth
2025-07-02T21:03:05.9421021Z [command]/usr/bin/git config --local --name-only --get-regexp core\.sshCommand
2025-07-02T21:03:05.9453546Z [command]/usr/bin/git submodule foreach --recursive sh -c "git config --local --name-only --get-regexp 'core\.sshCommand' && git config --local --unset-all 'core.sshCommand' || :"
2025-07-02T21:03:05.9675662Z [command]/usr/bin/git config --local --name-only --get-regexp http\.https\:\/\/github\.com\/\.extraheader
2025-07-02T21:03:05.9704833Z [command]/usr/bin/git submodule foreach --recursive sh -c "git config --local --name-only --get-regexp 'http\.https\:\/\/github\.com\/\.extraheader' && git config --local --unset-all 'http.https://github.com/.extraheader' || :"
2025-07-02T21:03:05.9927068Z [command]/usr/bin/git config --local http.https://github.com/.extraheader AUTHORIZATION: basic ***
2025-07-02T21:03:05.9962325Z ##[endgroup]
2025-07-02T21:03:05.9962894Z ##[group]Determining the default branch
2025-07-02T21:03:05.9965832Z Retrieving the default branch name
2025-07-02T21:03:06.2841000Z Default branch 'main'
2025-07-02T21:03:06.2841658Z ##[endgroup]
2025-07-02T21:03:06.2842131Z ##[group]Fetching the repository
2025-07-02T21:03:06.2852834Z [command]/usr/bin/git -c protocol.version=2 fetch --no-tags --prune --no-recurse-submodules --filter=blob:none --depth=1 origin +refs/heads/main:refs/remotes/origin/main
2025-07-02T21:03:06.7778961Z From https://github.com/aquasecurity/trivy
2025-07-02T21:03:06.7779840Z  * [new branch]      main       -> origin/main
2025-07-02T21:03:06.7808570Z ##[endgroup]
2025-07-02T21:03:06.7808937Z ##[group]Determining the checkout info
2025-07-02T21:03:06.7811019Z ##[endgroup]
2025-07-02T21:03:06.7811351Z ##[group]Setting up sparse checkout
2025-07-02T21:03:06.7816634Z [command]/usr/bin/git sparse-checkout set contrib
2025-07-02T21:03:06.7850034Z ##[endgroup]
2025-07-02T21:03:06.7850682Z ##[group]Checking out the ref
2025-07-02T21:03:06.7854932Z [command]/usr/bin/git checkout --progress --force -B main refs/remotes/origin/main
2025-07-02T21:03:07.2632892Z Switched to a new branch 'main'
2025-07-02T21:03:07.2635264Z branch 'main' set up to track 'origin/main'.
2025-07-02T21:03:07.2642617Z ##[endgroup]
2025-07-02T21:03:07.2680673Z [command]/usr/bin/git log -1 --format=%H
2025-07-02T21:03:07.2703492Z a692f296d15f7241ba5ff082e4e69926b1c728a8
2025-07-02T21:03:07.2804240Z ##[group]Run echo "installing Trivy binary"
2025-07-02T21:03:07.2804521Z [36;1mecho "installing Trivy binary"[0m
2025-07-02T21:03:07.2804933Z [36;1mbash ./trivy/contrib/install.sh -b /home/runner/.local/bin/trivy-bin v0.63.0[0m
2025-07-02T21:03:07.2805408Z [36;1mcp -r ./trivy/contrib /home/runner/.local/bin/trivy-bin/contrib[0m
2025-07-02T21:03:07.2805724Z [36;1mrm -rf ./trivy[0m
2025-07-02T21:03:07.2863798Z shell: /usr/bin/bash --noprofile --norc -e -o pipefail {0}
2025-07-02T21:03:07.2864114Z ##[endgroup]
2025-07-02T21:03:07.2935227Z installing Trivy binary
2025-07-02T21:03:07.3063691Z aquasecurity/trivy info checking GitHub for tag 'v0.63.0'
2025-07-02T21:03:07.4241471Z aquasecurity/trivy info found version: 0.63.0 for v0.63.0/Linux/64bit
2025-07-02T21:03:09.2870581Z aquasecurity/trivy info installed /home/runner/.local/bin/trivy-bin/trivy
2025-07-02T21:03:09.3340263Z ##[group]Run echo /home/runner/.local/bin/trivy-bin >> $GITHUB_PATH
2025-07-02T21:03:09.3340681Z [36;1mecho /home/runner/.local/bin/trivy-bin >> $GITHUB_PATH[0m
2025-07-02T21:03:09.3402026Z shell: /usr/bin/bash --noprofile --norc -e -o pipefail {0}
2025-07-02T21:03:09.3402373Z ##[endgroup]
2025-07-02T21:03:09.3498070Z ##[group]Run echo "date=$(date +'%Y-%m-%d')" >> $GITHUB_OUTPUT
2025-07-02T21:03:09.3498417Z [36;1mecho "date=$(date +'%Y-%m-%d')" >> $GITHUB_OUTPUT[0m
2025-07-02T21:03:09.3552032Z shell: /usr/bin/bash --noprofile --norc -e -o pipefail {0}
2025-07-02T21:03:09.3552339Z ##[endgroup]
2025-07-02T21:03:09.3667193Z ##[group]Run actions/cache@v4
2025-07-02T21:03:09.3667416Z with:
2025-07-02T21:03:09.3667655Z   path: /home/runner/work/DevSecOps/DevSecOps/.cache/trivy
2025-07-02T21:03:09.3667960Z   key: cache-trivy-2025-07-02
2025-07-02T21:03:09.3668181Z   restore-keys: cache-trivy-
2025-07-02T21:03:09.3668397Z   enableCrossOsArchive: false
2025-07-02T21:03:09.3668604Z   fail-on-cache-miss: false
2025-07-02T21:03:09.3668805Z   lookup-only: false
2025-07-02T21:03:09.3668983Z   save-always: false
2025-07-02T21:03:09.3669155Z ##[endgroup]
2025-07-02T21:03:09.6445076Z Cache not found for input keys: cache-trivy-2025-07-02, cache-trivy-
2025-07-02T21:03:09.6505288Z ##[group]Run echo "$GITHUB_ACTION_PATH" >> $GITHUB_PATH
2025-07-02T21:03:09.6505655Z [36;1mecho "$GITHUB_ACTION_PATH" >> $GITHUB_PATH[0m
2025-07-02T21:03:09.6563167Z shell: /usr/bin/bash --noprofile --norc -e -o pipefail {0}
2025-07-02T21:03:09.6563485Z env:
2025-07-02T21:03:09.6563789Z   GITHUB_ACTION_PATH: /home/runner/work/_actions/aquasecurity/trivy-action/master
2025-07-02T21:03:09.6564175Z ##[endgroup]
2025-07-02T21:03:09.6654833Z ##[group]Run rm -f trivy_envs.txt
2025-07-02T21:03:09.6655078Z [36;1mrm -f trivy_envs.txt[0m
2025-07-02T21:03:09.6655289Z [36;1mtouch trivy_envs.txt[0m
2025-07-02T21:03:09.6706307Z shell: /usr/bin/bash --noprofile --norc -e -o pipefail {0}
2025-07-02T21:03:09.6706846Z ##[endgroup]
2025-07-02T21:03:09.6816850Z ##[group]Run # Note: There is currently no way to distinguish between undefined variables and empty strings in GitHub Actions.
2025-07-02T21:03:09.6817650Z [36;1m# Note: There is currently no way to distinguish between undefined variables and empty strings in GitHub Actions.[0m
2025-07-02T21:03:09.6818388Z [36;1m# This limitation affects how we handle default values and empty inputs.[0m
2025-07-02T21:03:09.6818890Z [36;1m# For more information, see: https://github.com/actions/runner/issues/924[0m
2025-07-02T21:03:09.6819230Z [36;1m[0m
2025-07-02T21:03:09.6819553Z [36;1m# The following logic implements the configuration priority described in the README:[0m
2025-07-02T21:03:09.6819937Z [36;1m#[0m
2025-07-02T21:03:09.6820110Z [36;1m# Inputs[0m
2025-07-02T21:03:09.6820322Z [36;1m# Environment Variables[0m
2025-07-02T21:03:09.6820537Z [36;1m# Config File[0m
2025-07-02T21:03:09.6820731Z [36;1m# Defaults[0m
2025-07-02T21:03:09.6820897Z [36;1m#[0m
2025-07-02T21:03:09.6821249Z [36;1m# As noted above defaults are awkward to handle as GitHub Actions will inject those values as the input[0m
2025-07-02T21:03:09.6821823Z [36;1m# if the caller doesn't provide them, thus if the input matches the default we don't set it as we[0m
2025-07-02T21:03:09.6822398Z [36;1m# can't tell the difference.  Plus if we did set it when it was the default value then it could potentially [0m
2025-07-02T21:03:09.6823034Z [36;1m# override an external environment variable, or something in the callers configuration file, which then wouldn't [0m
2025-07-02T21:03:09.6823548Z [36;1m# match the configuration priority that is documented.[0m
2025-07-02T21:03:09.6823992Z [36;1mset_env_var_if_provided() {[0m
2025-07-02T21:03:09.6824223Z [36;1m  local var_name="$1"[0m
2025-07-02T21:03:09.6824442Z [36;1m  local input_value="$2"[0m
2025-07-02T21:03:09.6824671Z [36;1m  local default_value="$3"[0m
2025-07-02T21:03:09.6824877Z [36;1m[0m
2025-07-02T21:03:09.6825122Z [36;1m  if [ ! -z "$input_value" ] && [ "$input_value" != "$default_value" ]; then[0m
2025-07-02T21:03:09.6825533Z [36;1m    # If action was provided with explicit input by the caller set that[0m
2025-07-02T21:03:09.6825920Z [36;1m    echo "export $var_name=$input_value" >> trivy_envs.txt[0m
2025-07-02T21:03:09.6826203Z [36;1m  fi[0m
2025-07-02T21:03:09.6826367Z [36;1m}[0m
2025-07-02T21:03:09.6826764Z [36;1m[0m
2025-07-02T21:03:09.6827022Z [36;1m# Set environment variables, handling those with default values[0m
2025-07-02T21:03:09.6827544Z [36;1m# cf. https://aquasecurity.github.io/trivy/latest/docs/configuration/#environment-variables[0m
2025-07-02T21:03:09.6828008Z [36;1mset_env_var_if_provided "TRIVY_INPUT" "" ""[0m
2025-07-02T21:03:09.6828323Z [36;1mset_env_var_if_provided "TRIVY_EXIT_CODE" "" ""[0m
2025-07-02T21:03:09.6828665Z [36;1mset_env_var_if_provided "TRIVY_IGNORE_UNFIXED" "true" "false"[0m
2025-07-02T21:03:09.6829065Z [36;1mset_env_var_if_provided "TRIVY_PKG_TYPES" "os,library" "os,library"[0m
2025-07-02T21:03:09.6829626Z [36;1mset_env_var_if_provided "TRIVY_SEVERITY" "UNKNOWN,LOW,MEDIUM,HIGH,CRITICAL" "UNKNOWN,LOW,MEDIUM,HIGH,CRITICAL"[0m
2025-07-02T21:03:09.6830140Z [36;1mset_env_var_if_provided "TRIVY_FORMAT" "table" "table"[0m
2025-07-02T21:03:09.6830473Z [36;1mset_env_var_if_provided "TRIVY_TEMPLATE" "" ""[0m
2025-07-02T21:03:09.6830769Z [36;1mset_env_var_if_provided "TRIVY_OUTPUT" "" ""[0m
2025-07-02T21:03:09.6831071Z [36;1mset_env_var_if_provided "TRIVY_SKIP_DIRS" "" ""[0m
2025-07-02T21:03:09.6831381Z [36;1mset_env_var_if_provided "TRIVY_SKIP_FILES" "" ""[0m
2025-07-02T21:03:09.6831685Z [36;1mset_env_var_if_provided "TRIVY_TIMEOUT" "" ""[0m
2025-07-02T21:03:09.6831999Z [36;1mset_env_var_if_provided "TRIVY_IGNORE_POLICY" "" ""[0m
2025-07-02T21:03:09.6832300Z [36;1mset_env_var_if_provided "TRIVY_QUIET" "" ""[0m
2025-07-02T21:03:09.6832627Z [36;1mset_env_var_if_provided "TRIVY_LIST_ALL_PKGS" "false" "false"[0m
2025-07-02T21:03:09.6832964Z [36;1mset_env_var_if_provided "TRIVY_SCANNERS" "" ""[0m
2025-07-02T21:03:09.6833252Z [36;1mset_env_var_if_provided "TRIVY_CONFIG" "" ""[0m
2025-07-02T21:03:09.6833563Z [36;1mset_env_var_if_provided "TRIVY_TF_VARS" "" ""[0m
2025-07-02T21:03:09.6833861Z [36;1mset_env_var_if_provided "TRIVY_DOCKER_HOST" "" ""[0m
2025-07-02T21:03:09.6885106Z shell: /usr/bin/bash --noprofile --norc -e -o pipefail {0}
2025-07-02T21:03:09.6885433Z ##[endgroup]
2025-07-02T21:03:09.6978282Z ##[group]Run entrypoint.sh
2025-07-02T21:03:09.6978520Z [36;1mentrypoint.sh[0m
2025-07-02T21:03:09.7029935Z shell: /usr/bin/bash --noprofile --norc -e -o pipefail {0}
2025-07-02T21:03:09.7030257Z env:
2025-07-02T21:03:09.7030432Z   INPUT_SCAN_TYPE: image
2025-07-02T21:03:09.7030670Z   INPUT_IMAGE_REF: node-api:latest
2025-07-02T21:03:09.7030893Z   INPUT_SCAN_REF: .
2025-07-02T21:03:09.7031075Z   INPUT_TRIVYIGNORES: 
2025-07-02T21:03:09.7031262Z   INPUT_GITHUB_PAT: 
2025-07-02T21:03:09.7031453Z   INPUT_LIMIT_SEVERITIES_FOR_SARIF: 
2025-07-02T21:03:09.7031784Z   TRIVY_CACHE_DIR: /home/runner/work/DevSecOps/DevSecOps/.cache/trivy
2025-07-02T21:03:09.7032096Z ##[endgroup]
2025-07-02T21:03:09.7116032Z Running Trivy with options: trivy image node-api:latest
2025-07-02T21:03:09.7622777Z 2025-07-02T21:03:09Z	INFO	[vuln] Vulnerability scanning is enabled
2025-07-02T21:03:09.7623507Z 2025-07-02T21:03:09Z	INFO	[secret] Secret scanning is enabled
2025-07-02T21:03:09.7624329Z 2025-07-02T21:03:09Z	INFO	[secret] If your scanning is slow, please try '--scanners vuln' to disable secret scanning
2025-07-02T21:03:09.7625379Z 2025-07-02T21:03:09Z	INFO	[secret] Please see also https://trivy.dev/v0.63/docs/scanner/secret#recommendation for faster secret detection
2025-07-02T21:03:14.8384848Z 2025-07-02T21:03:14Z	INFO	Detected OS	family="alpine" version="3.18.3"
2025-07-02T21:03:14.8394468Z 2025-07-02T21:03:14Z	INFO	[alpine] Detecting vulnerabilities...	os_version="3.18" repository="3.18" pkg_num=17
2025-07-02T21:03:14.8405313Z 2025-07-02T21:03:14Z	INFO	Number of language-specific files	num=1
2025-07-02T21:03:14.8406071Z 2025-07-02T21:03:14Z	INFO	[node-pkg] Detecting vulnerabilities...
2025-07-02T21:03:14.8465010Z 2025-07-02T21:03:14Z	WARN	Using severities from other vendors for some vulnerabilities. Read https://trivy.dev/v0.63/docs/scanner/vulnerability#severity-selection for details.
2025-07-02T21:03:14.8480048Z 2025-07-02T21:03:14Z	WARN	This OS version is no longer supported by the distribution	family="alpine" version="3.18.3"
2025-07-02T21:03:14.8481174Z 2025-07-02T21:03:14Z	WARN	The vulnerability detection may be insufficient because security updates are not provided
2025-07-02T21:03:14.9376746Z 2025-07-02T21:03:14Z	INFO	Table result includes only package filenames. Use '--format json' option to get the full path to the package file.
2025-07-02T21:03:14.9495816Z 
2025-07-02T21:03:14.9495954Z Report Summary
2025-07-02T21:03:14.9496172Z 
2025-07-02T21:03:14.9497060Z ┌──────────────────────────────────────────────────────────────────────────────────┬──────────┬─────────────────┬─────────┐
2025-07-02T21:03:14.9497758Z │                                      Target                                      │   Type   │ Vulnerabilities │ Secrets │
2025-07-02T21:03:14.9498301Z ├──────────────────────────────────────────────────────────────────────────────────┼──────────┼─────────────────┼─────────┤
2025-07-02T21:03:14.9499153Z │ node-api:latest (alpine 3.18.3)                                                  │  alpine  │       38        │    -    │
2025-07-02T21:03:14.9500136Z ├──────────────────────────────────────────────────────────────────────────────────┼──────────┼─────────────────┼─────────┤
2025-07-02T21:03:14.9501037Z │ opt/yarn-v1.22.19/package.json                                                   │ node-pkg │        0        │    -    │
2025-07-02T21:03:14.9502086Z ├──────────────────────────────────────────────────────────────────────────────────┼──────────┼─────────────────┼─────────┤
2025-07-02T21:03:14.9503207Z │ usr/local/lib/node_modules/corepack/package.json                                 │ node-pkg │        0        │    -    │
2025-07-02T21:03:14.9504318Z ├──────────────────────────────────────────────────────────────────────────────────┼──────────┼─────────────────┼─────────┤
2025-07-02T21:03:14.9505056Z │ usr/local/lib/node_modules/npm/node_modules/@colors/colors/package.json          │ node-pkg │        0        │    -    │
2025-07-02T21:03:14.9506043Z ├──────────────────────────────────────────────────────────────────────────────────┼──────────┼─────────────────┼─────────┤
2025-07-02T21:03:14.9507057Z │ usr/local/lib/node_modules/npm/node_modules/@gar/promisify/package.json          │ node-pkg │        0        │    -    │
2025-07-02T21:03:14.9508343Z ├──────────────────────────────────────────────────────────────────────────────────┼──────────┼─────────────────┼─────────┤
2025-07-02T21:03:14.9510001Z │ usr/local/lib/node_modules/npm/node_modules/@isaacs/string-locale-compare/packa- │ node-pkg │        0        │    -    │
2025-07-02T21:03:14.9511123Z │ ge.json                                                                          │          │                 │         │
2025-07-02T21:03:14.9512012Z ├──────────────────────────────────────────────────────────────────────────────────┼──────────┼─────────────────┼─────────┤
2025-07-02T21:03:14.9513207Z │ usr/local/lib/node_modules/npm/node_modules/@npmcli/arborist/package.json        │ node-pkg │        0        │    -    │
2025-07-02T21:03:14.9514446Z ├──────────────────────────────────────────────────────────────────────────────────┼──────────┼─────────────────┼─────────┤
2025-07-02T21:03:14.9515559Z │ usr/local/lib/node_modules/npm/node_modules/@npmcli/ci-detect/package.json       │ node-pkg │        0        │    -    │
2025-07-02T21:03:14.9517018Z ├──────────────────────────────────────────────────────────────────────────────────┼──────────┼─────────────────┼─────────┤
2025-07-02T21:03:14.9518141Z │ usr/local/lib/node_modules/npm/node_modules/@npmcli/config/package.json          │ node-pkg │        0        │    -    │
2025-07-02T21:03:14.9518985Z ├──────────────────────────────────────────────────────────────────────────────────┼──────────┼─────────────────┼─────────┤
2025-07-02T21:03:14.9519640Z │ usr/local/lib/node_modules/npm/node_modules/@npmcli/disparity-colors/package.js- │ node-pkg │        0        │    -    │
2025-07-02T21:03:14.9520451Z │ on                                                                               │          │                 │         │
2025-07-02T21:03:14.9520960Z ├──────────────────────────────────────────────────────────────────────────────────┼──────────┼─────────────────┼─────────┤
2025-07-02T21:03:14.9521585Z │ usr/local/lib/node_modules/npm/node_modules/@npmcli/fs/package.json              │ node-pkg │        0        │    -    │
2025-07-02T21:03:14.9522416Z ├──────────────────────────────────────────────────────────────────────────────────┼──────────┼─────────────────┼─────────┤
2025-07-02T21:03:14.9523022Z │ usr/local/lib/node_modules/npm/node_modules/@npmcli/git/package.json             │ node-pkg │        0        │    -    │
2025-07-02T21:03:14.9523679Z ├──────────────────────────────────────────────────────────────────────────────────┼──────────┼─────────────────┼─────────┤
2025-07-02T21:03:14.9524324Z │ usr/local/lib/node_modules/npm/node_modules/@npmcli/installed-package-contents/- │ node-pkg │        0        │    -    │
2025-07-02T21:03:14.9525049Z │ node_modules/npm-bundled/package.json                                            │          │                 │         │
2025-07-02T21:03:14.9525622Z ├──────────────────────────────────────────────────────────────────────────────────┼──────────┼─────────────────┼─────────┤
2025-07-02T21:03:14.9526260Z │ usr/local/lib/node_modules/npm/node_modules/@npmcli/installed-package-contents/- │ node-pkg │        0        │    -    │
2025-07-02T21:03:14.9527117Z │ package.json                                                                     │          │                 │         │
2025-07-02T21:03:14.9527641Z ├──────────────────────────────────────────────────────────────────────────────────┼──────────┼─────────────────┼─────────┤
2025-07-02T21:03:14.9528281Z │ usr/local/lib/node_modules/npm/node_modules/@npmcli/map-workspaces/package.json  │ node-pkg │        0        │    -    │
2025-07-02T21:03:14.9528978Z ├──────────────────────────────────────────────────────────────────────────────────┼──────────┼─────────────────┼─────────┤
2025-07-02T21:03:14.9529772Z │ usr/local/lib/node_modules/npm/node_modules/@npmcli/metavuln-calculator/package- │ node-pkg │        0        │    -    │
2025-07-02T21:03:14.9530380Z │ .json                                                                            │          │                 │         │
2025-07-02T21:03:14.9530869Z ├──────────────────────────────────────────────────────────────────────────────────┼──────────┼─────────────────┼─────────┤
2025-07-02T21:03:14.9531489Z │ usr/local/lib/node_modules/npm/node_modules/@npmcli/move-file/package.json       │ node-pkg │        0        │    -    │
2025-07-02T21:03:14.9532160Z ├──────────────────────────────────────────────────────────────────────────────────┼──────────┼─────────────────┼─────────┤
2025-07-02T21:03:14.9532786Z │ usr/local/lib/node_modules/npm/node_modules/@npmcli/name-from-folder/package.js- │ node-pkg │        0        │    -    │
2025-07-02T21:03:14.9533386Z │ on                                                                               │          │                 │         │
2025-07-02T21:03:14.9533845Z ├──────────────────────────────────────────────────────────────────────────────────┼──────────┼─────────────────┼─────────┤
2025-07-02T21:03:14.9534455Z │ usr/local/lib/node_modules/npm/node_modules/@npmcli/node-gyp/package.json        │ node-pkg │        0        │    -    │
2025-07-02T21:03:14.9535257Z ├──────────────────────────────────────────────────────────────────────────────────┼──────────┼─────────────────┼─────────┤
2025-07-02T21:03:14.9535880Z │ usr/local/lib/node_modules/npm/node_modules/@npmcli/package-json/package.json    │ node-pkg │        0        │    -    │
2025-07-02T21:03:14.9536726Z ├──────────────────────────────────────────────────────────────────────────────────┼──────────┼─────────────────┼─────────┤
2025-07-02T21:03:14.9537359Z │ usr/local/lib/node_modules/npm/node_modules/@npmcli/promise-spawn/package.json   │ node-pkg │        0        │    -    │
2025-07-02T21:03:14.9538060Z ├──────────────────────────────────────────────────────────────────────────────────┼──────────┼─────────────────┼─────────┤
2025-07-02T21:03:14.9538666Z │ usr/local/lib/node_modules/npm/node_modules/@npmcli/query/package.json           │ node-pkg │        0        │    -    │
2025-07-02T21:03:14.9539335Z ├──────────────────────────────────────────────────────────────────────────────────┼──────────┼─────────────────┼─────────┤
2025-07-02T21:03:14.9539970Z │ usr/local/lib/node_modules/npm/node_modules/@npmcli/run-script/package.json      │ node-pkg │        0        │    -    │
2025-07-02T21:03:14.9540634Z ├──────────────────────────────────────────────────────────────────────────────────┼──────────┼─────────────────┼─────────┤
2025-07-02T21:03:14.9541252Z │ usr/local/lib/node_modules/npm/node_modules/@tootallnate/once/package.json       │ node-pkg │        0        │    -    │
2025-07-02T21:03:14.9541944Z ├──────────────────────────────────────────────────────────────────────────────────┼──────────┼─────────────────┼─────────┤
2025-07-02T21:03:14.9542691Z │ usr/local/lib/node_modules/npm/node_modules/abbrev/package.json                  │ node-pkg │        0        │    -    │
2025-07-02T21:03:14.9543352Z ├──────────────────────────────────────────────────────────────────────────────────┼──────────┼─────────────────┼─────────┤
2025-07-02T21:03:14.9544076Z │ usr/local/lib/node_modules/npm/node_modules/agent-base/package.json              │ node-pkg │        0        │    -    │
2025-07-02T21:03:14.9544740Z ├──────────────────────────────────────────────────────────────────────────────────┼──────────┼─────────────────┼─────────┤
2025-07-02T21:03:14.9545358Z │ usr/local/lib/node_modules/npm/node_modules/agentkeepalive/package.json          │ node-pkg │        0        │    -    │
2025-07-02T21:03:14.9546033Z ├──────────────────────────────────────────────────────────────────────────────────┼──────────┼─────────────────┼─────────┤
2025-07-02T21:03:14.9546872Z │ usr/local/lib/node_modules/npm/node_modules/aggregate-error/package.json         │ node-pkg │        0        │    -    │
2025-07-02T21:03:14.9547554Z ├──────────────────────────────────────────────────────────────────────────────────┼──────────┼─────────────────┼─────────┤
2025-07-02T21:03:14.9548156Z │ usr/local/lib/node_modules/npm/node_modules/ansi-regex/package.json              │ node-pkg │        0        │    -    │
2025-07-02T21:03:14.9548838Z ├──────────────────────────────────────────────────────────────────────────────────┼──────────┼─────────────────┼─────────┤
2025-07-02T21:03:14.9549439Z │ usr/local/lib/node_modules/npm/node_modules/ansi-styles/package.json             │ node-pkg │        0        │    -    │
2025-07-02T21:03:14.9550098Z ├──────────────────────────────────────────────────────────────────────────────────┼──────────┼─────────────────┼─────────┤
2025-07-02T21:03:14.9550682Z │ usr/local/lib/node_modules/npm/node_modules/aproba/package.json                  │ node-pkg │        0        │    -    │
2025-07-02T21:03:14.9551479Z ├──────────────────────────────────────────────────────────────────────────────────┼──────────┼─────────────────┼─────────┤
2025-07-02T21:03:14.9552078Z │ usr/local/lib/node_modules/npm/node_modules/archy/package.json                   │ node-pkg │        0        │    -    │
2025-07-02T21:03:14.9552730Z ├──────────────────────────────────────────────────────────────────────────────────┼──────────┼─────────────────┼─────────┤
2025-07-02T21:03:14.9553474Z │ usr/local/lib/node_modules/npm/node_modules/are-we-there-yet/package.json        │ node-pkg │        0        │    -    │
2025-07-02T21:03:14.9554146Z ├──────────────────────────────────────────────────────────────────────────────────┼──────────┼─────────────────┼─────────┤
2025-07-02T21:03:14.9554729Z │ usr/local/lib/node_modules/npm/node_modules/asap/package.json                    │ node-pkg │        0        │    -    │
2025-07-02T21:03:14.9555379Z ├──────────────────────────────────────────────────────────────────────────────────┼──────────┼─────────────────┼─────────┤
2025-07-02T21:03:14.9556003Z │ usr/local/lib/node_modules/npm/node_modules/balanced-match/package.json          │ node-pkg │        0        │    -    │
2025-07-02T21:03:14.9556871Z ├──────────────────────────────────────────────────────────────────────────────────┼──────────┼─────────────────┼─────────┤
2025-07-02T21:03:14.9557531Z │ usr/local/lib/node_modules/npm/node_modules/bin-links/node_modules/npm-normaliz- │ node-pkg │        0        │    -    │
2025-07-02T21:03:14.9558183Z │ e-package-bin/package.json                                                       │          │                 │         │
2025-07-02T21:03:14.9558732Z ├──────────────────────────────────────────────────────────────────────────────────┼──────────┼─────────────────┼─────────┤
2025-07-02T21:03:14.9559328Z │ usr/local/lib/node_modules/npm/node_modules/bin-links/package.json               │ node-pkg │        0        │    -    │
2025-07-02T21:03:14.9560145Z ├──────────────────────────────────────────────────────────────────────────────────┼──────────┼─────────────────┼─────────┤
2025-07-02T21:03:14.9560770Z │ usr/local/lib/node_modules/npm/node_modules/binary-extensions/package.json       │ node-pkg │        0        │    -    │
2025-07-02T21:03:14.9561449Z ├──────────────────────────────────────────────────────────────────────────────────┼──────────┼─────────────────┼─────────┤
2025-07-02T21:03:14.9562087Z │ usr/local/lib/node_modules/npm/node_modules/brace-expansion/package.json         │ node-pkg │        1        │    -    │
2025-07-02T21:03:14.9562769Z ├──────────────────────────────────────────────────────────────────────────────────┼──────────┼─────────────────┼─────────┤
2025-07-02T21:03:14.9563365Z │ usr/local/lib/node_modules/npm/node_modules/builtins/package.json                │ node-pkg │        0        │    -    │
2025-07-02T21:03:14.9564014Z ├──────────────────────────────────────────────────────────────────────────────────┼──────────┼─────────────────┼─────────┤
2025-07-02T21:03:14.9564620Z │ usr/local/lib/node_modules/npm/node_modules/cacache/package.json                 │ node-pkg │        0        │    -    │
2025-07-02T21:03:14.9565338Z ├──────────────────────────────────────────────────────────────────────────────────┼──────────┼─────────────────┼─────────┤
2025-07-02T21:03:14.9565933Z │ usr/local/lib/node_modules/npm/node_modules/chalk/package.json                   │ node-pkg │        0        │    -    │
2025-07-02T21:03:14.9566939Z ├──────────────────────────────────────────────────────────────────────────────────┼──────────┼─────────────────┼─────────┤
2025-07-02T21:03:14.9567550Z │ usr/local/lib/node_modules/npm/node_modules/chownr/package.json                  │ node-pkg │        0        │    -    │
2025-07-02T21:03:14.9568483Z ├──────────────────────────────────────────────────────────────────────────────────┼──────────┼─────────────────┼─────────┤
2025-07-02T21:03:14.9569636Z │ usr/local/lib/node_modules/npm/node_modules/cidr-regex/package.json              │ node-pkg │        0        │    -    │
2025-07-02T21:03:14.9571057Z ├──────────────────────────────────────────────────────────────────────────────────┼──────────┼─────────────────┼─────────┤
2025-07-02T21:03:14.9572121Z │ usr/local/lib/node_modules/npm/node_modules/clean-stack/package.json             │ node-pkg │        0        │    -    │
2025-07-02T21:03:14.9572815Z ├──────────────────────────────────────────────────────────────────────────────────┼──────────┼─────────────────┼─────────┤
2025-07-02T21:03:14.9573452Z │ usr/local/lib/node_modules/npm/node_modules/cli-columns/package.json             │ node-pkg │        0        │    -    │
2025-07-02T21:03:14.9574109Z ├──────────────────────────────────────────────────────────────────────────────────┼──────────┼─────────────────┼─────────┤
2025-07-02T21:03:14.9574715Z │ usr/local/lib/node_modules/npm/node_modules/cli-table3/package.json              │ node-pkg │        0        │    -    │
2025-07-02T21:03:14.9575388Z ├──────────────────────────────────────────────────────────────────────────────────┼──────────┼─────────────────┼─────────┤
2025-07-02T21:03:14.9575971Z │ usr/local/lib/node_modules/npm/node_modules/clone/package.json                   │ node-pkg │        0        │    -    │
2025-07-02T21:03:14.9576910Z ├──────────────────────────────────────────────────────────────────────────────────┼──────────┼─────────────────┼─────────┤
2025-07-02T21:03:14.9577700Z │ usr/local/lib/node_modules/npm/node_modules/cmd-shim/package.json                │ node-pkg │        0        │    -    │
2025-07-02T21:03:14.9578366Z ├──────────────────────────────────────────────────────────────────────────────────┼──────────┼─────────────────┼─────────┤
2025-07-02T21:03:14.9578983Z │ usr/local/lib/node_modules/npm/node_modules/color-convert/package.json           │ node-pkg │        0        │    -    │
2025-07-02T21:03:14.9579660Z ├──────────────────────────────────────────────────────────────────────────────────┼──────────┼─────────────────┼─────────┤
2025-07-02T21:03:14.9580393Z │ usr/local/lib/node_modules/npm/node_modules/color-name/package.json              │ node-pkg │        0        │    -    │
2025-07-02T21:03:14.9581053Z ├──────────────────────────────────────────────────────────────────────────────────┼──────────┼─────────────────┼─────────┤
2025-07-02T21:03:14.9581667Z │ usr/local/lib/node_modules/npm/node_modules/color-support/package.json           │ node-pkg │        0        │    -    │
2025-07-02T21:03:14.9582351Z ├──────────────────────────────────────────────────────────────────────────────────┼──────────┼─────────────────┼─────────┤
2025-07-02T21:03:14.9582949Z │ usr/local/lib/node_modules/npm/node_modules/columnify/package.json               │ node-pkg │        0        │    -    │
2025-07-02T21:03:14.9583617Z ├──────────────────────────────────────────────────────────────────────────────────┼──────────┼─────────────────┼─────────┤
2025-07-02T21:03:14.9584255Z │ usr/local/lib/node_modules/npm/node_modules/common-ancestor-path/package.json    │ node-pkg │        0        │    -    │
2025-07-02T21:03:14.9584957Z ├──────────────────────────────────────────────────────────────────────────────────┼──────────┼─────────────────┼─────────┤
2025-07-02T21:03:14.9585558Z │ usr/local/lib/node_modules/npm/node_modules/concat-map/package.json              │ node-pkg │        0        │    -    │
2025-07-02T21:03:14.9586218Z ├──────────────────────────────────────────────────────────────────────────────────┼──────────┼─────────────────┼─────────┤
2025-07-02T21:03:14.9587150Z │ usr/local/lib/node_modules/npm/node_modules/console-control-strings/package.json │ node-pkg │        0        │    -    │
2025-07-02T21:03:14.9587839Z ├──────────────────────────────────────────────────────────────────────────────────┼──────────┼─────────────────┼─────────┤
2025-07-02T21:03:14.9588434Z │ usr/local/lib/node_modules/npm/node_modules/cssesc/package.json                  │ node-pkg │        0        │    -    │
2025-07-02T21:03:14.9589081Z ├──────────────────────────────────────────────────────────────────────────────────┼──────────┼─────────────────┼─────────┤
2025-07-02T21:03:14.9589734Z │ usr/local/lib/node_modules/npm/node_modules/debug/node_modules/ms/package.json   │ node-pkg │        0        │    -    │
2025-07-02T21:03:14.9590436Z ├──────────────────────────────────────────────────────────────────────────────────┼──────────┼─────────────────┼─────────┤
2025-07-02T21:03:14.9591057Z │ usr/local/lib/node_modules/npm/node_modules/debug/package.json                   │ node-pkg │        0        │    -    │
2025-07-02T21:03:14.9591709Z ├──────────────────────────────────────────────────────────────────────────────────┼──────────┼─────────────────┼─────────┤
2025-07-02T21:03:14.9592306Z │ usr/local/lib/node_modules/npm/node_modules/debuglog/package.json                │ node-pkg │        0        │    -    │
2025-07-02T21:03:14.9592972Z ├──────────────────────────────────────────────────────────────────────────────────┼──────────┼─────────────────┼─────────┤
2025-07-02T21:03:14.9593722Z │ usr/local/lib/node_modules/npm/node_modules/defaults/package.json                │ node-pkg │        0        │    -    │
2025-07-02T21:03:14.9594381Z ├──────────────────────────────────────────────────────────────────────────────────┼──────────┼─────────────────┼─────────┤
2025-07-02T21:03:14.9594986Z │ usr/local/lib/node_modules/npm/node_modules/delegates/package.json               │ node-pkg │        0        │    -    │
2025-07-02T21:03:14.9595763Z ├──────────────────────────────────────────────────────────────────────────────────┼──────────┼─────────────────┼─────────┤
2025-07-02T21:03:14.9596353Z │ usr/local/lib/node_modules/npm/node_modules/depd/package.json                    │ node-pkg │        0        │    -    │
2025-07-02T21:03:14.9597231Z ├──────────────────────────────────────────────────────────────────────────────────┼──────────┼─────────────────┼─────────┤
2025-07-02T21:03:14.9597840Z │ usr/local/lib/node_modules/npm/node_modules/dezalgo/package.json                 │ node-pkg │        0        │    -    │
2025-07-02T21:03:14.9598523Z ├──────────────────────────────────────────────────────────────────────────────────┼──────────┼─────────────────┼─────────┤
2025-07-02T21:03:14.9599113Z │ usr/local/lib/node_modules/npm/node_modules/diff/package.json                    │ node-pkg │        0        │    -    │
2025-07-02T21:03:14.9599747Z ├──────────────────────────────────────────────────────────────────────────────────┼──────────┼─────────────────┼─────────┤
2025-07-02T21:03:14.9600388Z │ usr/local/lib/node_modules/npm/node_modules/emoji-regex/package.json             │ node-pkg │        0        │    -    │
2025-07-02T21:03:14.9601056Z ├──────────────────────────────────────────────────────────────────────────────────┼──────────┼─────────────────┼─────────┤
2025-07-02T21:03:14.9601661Z │ usr/local/lib/node_modules/npm/node_modules/encoding/package.json                │ node-pkg │        0        │    -    │
2025-07-02T21:03:14.9602317Z ├──────────────────────────────────────────────────────────────────────────────────┼──────────┼─────────────────┼─────────┤
2025-07-02T21:03:14.9603099Z │ usr/local/lib/node_modules/npm/node_modules/env-paths/package.json               │ node-pkg │        0        │    -    │
2025-07-02T21:03:14.9603768Z ├──────────────────────────────────────────────────────────────────────────────────┼──────────┼─────────────────┼─────────┤
2025-07-02T21:03:14.9604478Z │ usr/local/lib/node_modules/npm/node_modules/err-code/package.json                │ node-pkg │        0        │    -    │
2025-07-02T21:03:14.9605129Z ├──────────────────────────────────────────────────────────────────────────────────┼──────────┼─────────────────┼─────────┤
2025-07-02T21:03:14.9605764Z │ usr/local/lib/node_modules/npm/node_modules/fastest-levenshtein/package.json     │ node-pkg │        0        │    -    │
2025-07-02T21:03:14.9606631Z ├──────────────────────────────────────────────────────────────────────────────────┼──────────┼─────────────────┼─────────┤
2025-07-02T21:03:14.9607367Z │ usr/local/lib/node_modules/npm/node_modules/fs-minipass/package.json             │ node-pkg │        0        │    -    │
2025-07-02T21:03:14.9608039Z ├──────────────────────────────────────────────────────────────────────────────────┼──────────┼─────────────────┼─────────┤
2025-07-02T21:03:14.9608654Z │ usr/local/lib/node_modules/npm/node_modules/fs.realpath/package.json             │ node-pkg │        0        │    -    │
2025-07-02T21:03:14.9609341Z ├──────────────────────────────────────────────────────────────────────────────────┼──────────┼─────────────────┼─────────┤
2025-07-02T21:03:14.9609958Z │ usr/local/lib/node_modules/npm/node_modules/function-bind/package.json           │ node-pkg │        0        │    -    │
2025-07-02T21:03:14.9610633Z ├──────────────────────────────────────────────────────────────────────────────────┼──────────┼─────────────────┼─────────┤
2025-07-02T21:03:14.9611224Z │ usr/local/lib/node_modules/npm/node_modules/gauge/package.json                   │ node-pkg │        0        │    -    │
2025-07-02T21:03:14.9612016Z ├──────────────────────────────────────────────────────────────────────────────────┼──────────┼─────────────────┼─────────┤
2025-07-02T21:03:14.9612605Z │ usr/local/lib/node_modules/npm/node_modules/glob/package.json                    │ node-pkg │        0        │    -    │
2025-07-02T21:03:14.9613244Z ├──────────────────────────────────────────────────────────────────────────────────┼──────────┼─────────────────┼─────────┤
2025-07-02T21:03:14.9613969Z │ usr/local/lib/node_modules/npm/node_modules/graceful-fs/package.json             │ node-pkg │        0        │    -    │
2025-07-02T21:03:14.9614631Z ├──────────────────────────────────────────────────────────────────────────────────┼──────────┼─────────────────┼─────────┤
2025-07-02T21:03:14.9615227Z │ usr/local/lib/node_modules/npm/node_modules/has-flag/package.json                │ node-pkg │        0        │    -    │
2025-07-02T21:03:14.9615878Z ├──────────────────────────────────────────────────────────────────────────────────┼──────────┼─────────────────┼─────────┤
2025-07-02T21:03:14.9616701Z │ usr/local/lib/node_modules/npm/node_modules/has-unicode/package.json             │ node-pkg │        0        │    -    │
2025-07-02T21:03:14.9617387Z ├──────────────────────────────────────────────────────────────────────────────────┼──────────┼─────────────────┼─────────┤
2025-07-02T21:03:14.9618007Z │ usr/local/lib/node_modules/npm/node_modules/has/package.json                     │ node-pkg │        0        │    -    │
2025-07-02T21:03:14.9618655Z ├──────────────────────────────────────────────────────────────────────────────────┼──────────┼─────────────────┼─────────┤
2025-07-02T21:03:14.9619271Z │ usr/local/lib/node_modules/npm/node_modules/hosted-git-info/package.json         │ node-pkg │        0        │    -    │
2025-07-02T21:03:14.9619947Z ├──────────────────────────────────────────────────────────────────────────────────┼──────────┼─────────────────┼─────────┤
2025-07-02T21:03:14.9620731Z │ usr/local/lib/node_modules/npm/node_modules/http-cache-semantics/package.json    │ node-pkg │        0        │    -    │
2025-07-02T21:03:14.9621459Z ├──────────────────────────────────────────────────────────────────────────────────┼──────────┼─────────────────┼─────────┤
2025-07-02T21:03:14.9622075Z │ usr/local/lib/node_modules/npm/node_modules/http-proxy-agent/package.json        │ node-pkg │        0        │    -    │
2025-07-02T21:03:14.9622766Z ├──────────────────────────────────────────────────────────────────────────────────┼──────────┼─────────────────┼─────────┤
2025-07-02T21:03:14.9623386Z │ usr/local/lib/node_modules/npm/node_modules/https-proxy-agent/package.json       │ node-pkg │        0        │    -    │
2025-07-02T21:03:14.9624063Z ├──────────────────────────────────────────────────────────────────────────────────┼──────────┼─────────────────┼─────────┤
2025-07-02T21:03:14.9624670Z │ usr/local/lib/node_modules/npm/node_modules/humanize-ms/package.json             │ node-pkg │        0        │    -    │
2025-07-02T21:03:14.9625341Z ├──────────────────────────────────────────────────────────────────────────────────┼──────────┼─────────────────┼─────────┤
2025-07-02T21:03:14.9625943Z │ usr/local/lib/node_modules/npm/node_modules/iconv-lite/package.json              │ node-pkg │        0        │    -    │
2025-07-02T21:03:14.9626764Z ├──────────────────────────────────────────────────────────────────────────────────┼──────────┼─────────────────┼─────────┤
2025-07-02T21:03:14.9627533Z │ usr/local/lib/node_modules/npm/node_modules/ignore-walk/package.json             │ node-pkg │        0        │    -    │
2025-07-02T21:03:14.9628206Z ├──────────────────────────────────────────────────────────────────────────────────┼──────────┼─────────────────┼─────────┤
2025-07-02T21:03:14.9628809Z │ usr/local/lib/node_modules/npm/node_modules/imurmurhash/package.json             │ node-pkg │        0        │    -    │
2025-07-02T21:03:14.9629480Z ├──────────────────────────────────────────────────────────────────────────────────┼──────────┼─────────────────┼─────────┤
2025-07-02T21:03:14.9630225Z │ usr/local/lib/node_modules/npm/node_modules/indent-string/package.json           │ node-pkg │        0        │    -    │
2025-07-02T21:03:14.9630902Z ├──────────────────────────────────────────────────────────────────────────────────┼──────────┼─────────────────┼─────────┤
2025-07-02T21:03:14.9631511Z │ usr/local/lib/node_modules/npm/node_modules/infer-owner/package.json             │ node-pkg │        0        │    -    │
2025-07-02T21:03:14.9632205Z ├──────────────────────────────────────────────────────────────────────────────────┼──────────┼─────────────────┼─────────┤
2025-07-02T21:03:14.9632800Z │ usr/local/lib/node_modules/npm/node_modules/inflight/package.json                │ node-pkg │        0        │    -    │
2025-07-02T21:03:14.9633456Z ├──────────────────────────────────────────────────────────────────────────────────┼──────────┼─────────────────┼─────────┤
2025-07-02T21:03:14.9634068Z │ usr/local/lib/node_modules/npm/node_modules/inherits/package.json                │ node-pkg │        0        │    -    │
2025-07-02T21:03:14.9634729Z ├──────────────────────────────────────────────────────────────────────────────────┼──────────┼─────────────────┼─────────┤
2025-07-02T21:03:14.9635308Z │ usr/local/lib/node_modules/npm/node_modules/ini/package.json                     │ node-pkg │        0        │    -    │
2025-07-02T21:03:14.9636038Z ├──────────────────────────────────────────────────────────────────────────────────┼──────────┼─────────────────┼─────────┤
2025-07-02T21:03:14.9636860Z │ usr/local/lib/node_modules/npm/node_modules/init-package-json/package.json       │ node-pkg │        0        │    -    │
2025-07-02T21:03:14.9637545Z ├──────────────────────────────────────────────────────────────────────────────────┼──────────┼─────────────────┼─────────┤
2025-07-02T21:03:14.9638142Z │ usr/local/lib/node_modules/npm/node_modules/ip-regex/package.json                │ node-pkg │        0        │    -    │
2025-07-02T21:03:14.9638953Z ├──────────────────────────────────────────────────────────────────────────────────┼──────────┼─────────────────┼─────────┤
2025-07-02T21:03:14.9639529Z │ usr/local/lib/node_modules/npm/node_modules/ip/package.json                      │ node-pkg │        1        │    -    │
2025-07-02T21:03:14.9640162Z ├──────────────────────────────────────────────────────────────────────────────────┼──────────┼─────────────────┼─────────┤
2025-07-02T21:03:14.9640768Z │ usr/local/lib/node_modules/npm/node_modules/is-cidr/package.json                 │ node-pkg │        0        │    -    │
2025-07-02T21:03:14.9641421Z ├──────────────────────────────────────────────────────────────────────────────────┼──────────┼─────────────────┼─────────┤
2025-07-02T21:03:14.9642033Z │ usr/local/lib/node_modules/npm/node_modules/is-core-module/package.json          │ node-pkg │        0        │    -    │
2025-07-02T21:03:14.9642693Z ├──────────────────────────────────────────────────────────────────────────────────┼──────────┼─────────────────┼─────────┤
2025-07-02T21:03:14.9643348Z │ usr/local/lib/node_modules/npm/node_modules/is-fullwidth-code-point/package.json │ node-pkg │        0        │    -    │
2025-07-02T21:03:14.9644042Z ├──────────────────────────────────────────────────────────────────────────────────┼──────────┼─────────────────┼─────────┤
2025-07-02T21:03:14.9644632Z │ usr/local/lib/node_modules/npm/node_modules/is-lambda/package.json               │ node-pkg │        0        │    -    │
2025-07-02T21:03:14.9645419Z ├──────────────────────────────────────────────────────────────────────────────────┼──────────┼─────────────────┼─────────┤
2025-07-02T21:03:14.9646000Z │ usr/local/lib/node_modules/npm/node_modules/isexe/package.json                   │ node-pkg │        0        │    -    │
2025-07-02T21:03:14.9646914Z ├──────────────────────────────────────────────────────────────────────────────────┼──────────┼─────────────────┼─────────┤
2025-07-02T21:03:14.9647568Z │ usr/local/lib/node_modules/npm/node_modules/json-parse-even-better-errors/packa- │ node-pkg │        0        │    -    │
2025-07-02T21:03:14.9648192Z │ ge.json                                                                          │          │                 │         │
2025-07-02T21:03:14.9648659Z ├──────────────────────────────────────────────────────────────────────────────────┼──────────┼─────────────────┼─────────┤
2025-07-02T21:03:14.9649297Z │ usr/local/lib/node_modules/npm/node_modules/json-stringify-nice/package.json     │ node-pkg │        0        │    -    │
2025-07-02T21:03:14.9649985Z ├──────────────────────────────────────────────────────────────────────────────────┼──────────┼─────────────────┼─────────┤
2025-07-02T21:03:14.9650593Z │ usr/local/lib/node_modules/npm/node_modules/jsonparse/package.json               │ node-pkg │        0        │    -    │
2025-07-02T21:03:14.9651244Z ├──────────────────────────────────────────────────────────────────────────────────┼──────────┼─────────────────┼─────────┤
2025-07-02T21:03:14.9652005Z │ usr/local/lib/node_modules/npm/node_modules/just-diff-apply/package.json         │ node-pkg │        0        │    -    │
2025-07-02T21:03:14.9652678Z ├──────────────────────────────────────────────────────────────────────────────────┼──────────┼─────────────────┼─────────┤
2025-07-02T21:03:14.9653277Z │ usr/local/lib/node_modules/npm/node_modules/just-diff/package.json               │ node-pkg │        0        │    -    │
2025-07-02T21:03:14.9654062Z ├──────────────────────────────────────────────────────────────────────────────────┼──────────┼─────────────────┼─────────┤
2025-07-02T21:03:14.9654668Z │ usr/local/lib/node_modules/npm/node_modules/libnpmaccess/package.json            │ node-pkg │        0        │    -    │
2025-07-02T21:03:14.9655332Z ├──────────────────────────────────────────────────────────────────────────────────┼──────────┼─────────────────┼─────────┤
2025-07-02T21:03:14.9655937Z │ usr/local/lib/node_modules/npm/node_modules/libnpmdiff/package.json              │ node-pkg │        0        │    -    │
2025-07-02T21:03:14.9656841Z ├──────────────────────────────────────────────────────────────────────────────────┼──────────┼─────────────────┼─────────┤
2025-07-02T21:03:14.9657472Z │ usr/local/lib/node_modules/npm/node_modules/libnpmexec/package.json              │ node-pkg │        0        │    -    │
2025-07-02T21:03:14.9658132Z ├──────────────────────────────────────────────────────────────────────────────────┼──────────┼─────────────────┼─────────┤
2025-07-02T21:03:14.9658761Z │ usr/local/lib/node_modules/npm/node_modules/libnpmfund/package.json              │ node-pkg │        0        │    -    │
2025-07-02T21:03:14.9659430Z ├──────────────────────────────────────────────────────────────────────────────────┼──────────┼─────────────────┼─────────┤
2025-07-02T21:03:14.9660037Z │ usr/local/lib/node_modules/npm/node_modules/libnpmhook/package.json              │ node-pkg │        0        │    -    │
2025-07-02T21:03:14.9660709Z ├──────────────────────────────────────────────────────────────────────────────────┼──────────┼─────────────────┼─────────┤
2025-07-02T21:03:14.9661454Z │ usr/local/lib/node_modules/npm/node_modules/libnpmorg/package.json               │ node-pkg │        0        │    -    │
2025-07-02T21:03:14.9662122Z ├──────────────────────────────────────────────────────────────────────────────────┼──────────┼─────────────────┼─────────┤
2025-07-02T21:03:14.9662851Z │ usr/local/lib/node_modules/npm/node_modules/libnpmpack/package.json              │ node-pkg │        0        │    -    │
2025-07-02T21:03:14.9663515Z ├──────────────────────────────────────────────────────────────────────────────────┼──────────┼─────────────────┼─────────┤
2025-07-02T21:03:14.9664131Z │ usr/local/lib/node_modules/npm/node_modules/libnpmpublish/package.json           │ node-pkg │        0        │    -    │
2025-07-02T21:03:14.9664801Z ├──────────────────────────────────────────────────────────────────────────────────┼──────────┼─────────────────┼─────────┤
2025-07-02T21:03:14.9665429Z │ usr/local/lib/node_modules/npm/node_modules/libnpmsearch/package.json            │ node-pkg │        0        │    -    │
2025-07-02T21:03:14.9666104Z ├──────────────────────────────────────────────────────────────────────────────────┼──────────┼─────────────────┼─────────┤
2025-07-02T21:03:14.9666875Z │ usr/local/lib/node_modules/npm/node_modules/libnpmteam/package.json              │ node-pkg │        0        │    -    │
2025-07-02T21:03:14.9667574Z ├──────────────────────────────────────────────────────────────────────────────────┼──────────┼─────────────────┼─────────┤
2025-07-02T21:03:14.9668187Z │ usr/local/lib/node_modules/npm/node_modules/libnpmversion/package.json           │ node-pkg │        0        │    -    │
2025-07-02T21:03:14.9668849Z ├──────────────────────────────────────────────────────────────────────────────────┼──────────┼─────────────────┼─────────┤
2025-07-02T21:03:14.9669449Z │ usr/local/lib/node_modules/npm/node_modules/lru-cache/package.json               │ node-pkg │        0        │    -    │
2025-07-02T21:03:14.9670247Z ├──────────────────────────────────────────────────────────────────────────────────┼──────────┼─────────────────┼─────────┤
2025-07-02T21:03:14.9670871Z │ usr/local/lib/node_modules/npm/node_modules/make-fetch-happen/package.json       │ node-pkg │        0        │    -    │
2025-07-02T21:03:14.9671547Z ├──────────────────────────────────────────────────────────────────────────────────┼──────────┼─────────────────┼─────────┤
2025-07-02T21:03:14.9672165Z │ usr/local/lib/node_modules/npm/node_modules/minimatch/package.json               │ node-pkg │        0        │    -    │
2025-07-02T21:03:14.9672817Z ├──────────────────────────────────────────────────────────────────────────────────┼──────────┼─────────────────┼─────────┤
2025-07-02T21:03:14.9673427Z │ usr/local/lib/node_modules/npm/node_modules/minipass-collect/package.json        │ node-pkg │        0        │    -    │
2025-07-02T21:03:14.9674111Z ├──────────────────────────────────────────────────────────────────────────────────┼──────────┼─────────────────┼─────────┤
2025-07-02T21:03:14.9674745Z │ usr/local/lib/node_modules/npm/node_modules/minipass-fetch/package.json          │ node-pkg │        0        │    -    │
2025-07-02T21:03:14.9675415Z ├──────────────────────────────────────────────────────────────────────────────────┼──────────┼─────────────────┼─────────┤
2025-07-02T21:03:14.9676156Z │ usr/local/lib/node_modules/npm/node_modules/minipass-flush/package.json          │ node-pkg │        0        │    -    │
2025-07-02T21:03:14.9677068Z ├──────────────────────────────────────────────────────────────────────────────────┼──────────┼─────────────────┼─────────┤
2025-07-02T21:03:14.9677767Z │ usr/local/lib/node_modules/npm/node_modules/minipass-json-stream/package.json    │ node-pkg │        0        │    -    │
2025-07-02T21:03:14.9678467Z ├──────────────────────────────────────────────────────────────────────────────────┼──────────┼─────────────────┼─────────┤
2025-07-02T21:03:14.9679291Z │ usr/local/lib/node_modules/npm/node_modules/minipass-pipeline/package.json       │ node-pkg │        0        │    -    │
2025-07-02T21:03:14.9679984Z ├──────────────────────────────────────────────────────────────────────────────────┼──────────┼─────────────────┼─────────┤
2025-07-02T21:03:14.9680599Z │ usr/local/lib/node_modules/npm/node_modules/minipass-sized/package.json          │ node-pkg │        0        │    -    │
2025-07-02T21:03:14.9681281Z ├──────────────────────────────────────────────────────────────────────────────────┼──────────┼─────────────────┼─────────┤
2025-07-02T21:03:14.9681882Z │ usr/local/lib/node_modules/npm/node_modules/minipass/package.json                │ node-pkg │        0        │    -    │
2025-07-02T21:03:14.9682538Z ├──────────────────────────────────────────────────────────────────────────────────┼──────────┼─────────────────┼─────────┤
2025-07-02T21:03:14.9683142Z │ usr/local/lib/node_modules/npm/node_modules/minizlib/package.json                │ node-pkg │        0        │    -    │
2025-07-02T21:03:14.9683825Z ├──────────────────────────────────────────────────────────────────────────────────┼──────────┼─────────────────┼─────────┤
2025-07-02T21:03:14.9684443Z │ usr/local/lib/node_modules/npm/node_modules/mkdirp-infer-owner/package.json      │ node-pkg │        0        │    -    │
2025-07-02T21:03:14.9685124Z ├──────────────────────────────────────────────────────────────────────────────────┼──────────┼─────────────────┼─────────┤
2025-07-02T21:03:14.9685850Z │ usr/local/lib/node_modules/npm/node_modules/mkdirp/package.json                  │ node-pkg │        0        │    -    │
2025-07-02T21:03:14.9686687Z ├──────────────────────────────────────────────────────────────────────────────────┼──────────┼─────────────────┼─────────┤
2025-07-02T21:03:14.9687294Z │ usr/local/lib/node_modules/npm/node_modules/ms/package.json                      │ node-pkg │        0        │    -    │
2025-07-02T21:03:14.9687934Z ├──────────────────────────────────────────────────────────────────────────────────┼──────────┼─────────────────┼─────────┤
2025-07-02T21:03:14.9688682Z │ usr/local/lib/node_modules/npm/node_modules/mute-stream/package.json             │ node-pkg │        0        │    -    │
2025-07-02T21:03:14.9689356Z ├──────────────────────────────────────────────────────────────────────────────────┼──────────┼─────────────────┼─────────┤
2025-07-02T21:03:14.9689968Z │ usr/local/lib/node_modules/npm/node_modules/negotiator/package.json              │ node-pkg │        0        │    -    │
2025-07-02T21:03:14.9690652Z ├──────────────────────────────────────────────────────────────────────────────────┼──────────┼─────────────────┼─────────┤
2025-07-02T21:03:14.9691276Z │ usr/local/lib/node_modules/npm/node_modules/node-gyp/node_modules/brace-expansi- │ node-pkg │        1        │    -    │
2025-07-02T21:03:14.9691902Z │ on/package.json                                                                  │          │                 │         │
2025-07-02T21:03:14.9692426Z ├──────────────────────────────────────────────────────────────────────────────────┼──────────┼─────────────────┼─────────┤
2025-07-02T21:03:14.9693047Z │ usr/local/lib/node_modules/npm/node_modules/node-gyp/node_modules/glob/package.- │ node-pkg │        0        │    -    │
2025-07-02T21:03:14.9693637Z │ json                                                                             │          │                 │         │
2025-07-02T21:03:14.9694227Z ├──────────────────────────────────────────────────────────────────────────────────┼──────────┼─────────────────┼─────────┤
2025-07-02T21:03:14.9694854Z │ usr/local/lib/node_modules/npm/node_modules/node-gyp/node_modules/minimatch/pac- │ node-pkg │        0        │    -    │
2025-07-02T21:03:14.9695460Z │ kage.json                                                                        │          │                 │         │
2025-07-02T21:03:14.9695948Z ├──────────────────────────────────────────────────────────────────────────────────┼──────────┼─────────────────┼─────────┤
2025-07-02T21:03:14.9696779Z │ usr/local/lib/node_modules/npm/node_modules/node-gyp/node_modules/nopt/package.- │ node-pkg │        0        │    -    │
2025-07-02T21:03:14.9697406Z │ json                                                                             │          │                 │         │
2025-07-02T21:03:14.9697880Z ├──────────────────────────────────────────────────────────────────────────────────┼──────────┼─────────────────┼─────────┤
2025-07-02T21:03:14.9698502Z │ usr/local/lib/node_modules/npm/node_modules/node-gyp/package.json                │ node-pkg │        0        │    -    │
2025-07-02T21:03:14.9699150Z ├──────────────────────────────────────────────────────────────────────────────────┼──────────┼─────────────────┼─────────┤
2025-07-02T21:03:14.9699745Z │ usr/local/lib/node_modules/npm/node_modules/nopt/package.json                    │ node-pkg │        0        │    -    │
2025-07-02T21:03:14.9700404Z ├──────────────────────────────────────────────────────────────────────────────────┼──────────┼─────────────────┼─────────┤
2025-07-02T21:03:14.9701181Z │ usr/local/lib/node_modules/npm/node_modules/normalize-package-data/package.json  │ node-pkg │        0        │    -    │
2025-07-02T21:03:14.9701872Z ├──────────────────────────────────────────────────────────────────────────────────┼──────────┼─────────────────┼─────────┤
2025-07-02T21:03:14.9702484Z │ usr/local/lib/node_modules/npm/node_modules/npm-audit-report/package.json        │ node-pkg │        0        │    -    │
2025-07-02T21:03:14.9703312Z ├──────────────────────────────────────────────────────────────────────────────────┼──────────┼─────────────────┼─────────┤
2025-07-02T21:03:14.9704007Z │ usr/local/lib/node_modules/npm/node_modules/npm-bundled/node_modules/npm-normal- │ node-pkg │        0        │    -    │
2025-07-02T21:03:14.9704673Z │ ize-package-bin/package.json                                                     │          │                 │         │
2025-07-02T21:03:14.9705233Z ├──────────────────────────────────────────────────────────────────────────────────┼──────────┼─────────────────┼─────────┤
2025-07-02T21:03:14.9705865Z │ usr/local/lib/node_modules/npm/node_modules/npm-bundled/package.json             │ node-pkg │        0        │    -    │
2025-07-02T21:03:14.9706718Z ├──────────────────────────────────────────────────────────────────────────────────┼──────────┼─────────────────┼─────────┤
2025-07-02T21:03:14.9707377Z │ usr/local/lib/node_modules/npm/node_modules/npm-install-checks/package.json      │ node-pkg │        0        │    -    │
2025-07-02T21:03:14.9708060Z ├──────────────────────────────────────────────────────────────────────────────────┼──────────┼─────────────────┼─────────┤
2025-07-02T21:03:14.9708705Z │ usr/local/lib/node_modules/npm/node_modules/npm-normalize-package-bin/package.j- │ node-pkg │        0        │    -    │
2025-07-02T21:03:14.9709300Z │ son                                                                              │          │                 │         │
2025-07-02T21:03:14.9709907Z ├──────────────────────────────────────────────────────────────────────────────────┼──────────┼─────────────────┼─────────┤
2025-07-02T21:03:14.9710524Z │ usr/local/lib/node_modules/npm/node_modules/npm-package-arg/package.json         │ node-pkg │        0        │    -    │
2025-07-02T21:03:14.9711210Z ├──────────────────────────────────────────────────────────────────────────────────┼──────────┼─────────────────┼─────────┤
2025-07-02T21:03:14.9711850Z │ usr/local/lib/node_modules/npm/node_modules/npm-packlist/node_modules/npm-norma- │ node-pkg │        0        │    -    │
2025-07-02T21:03:14.9712523Z │ lize-package-bin/package.json                                                    │          │                 │         │
2025-07-02T21:03:14.9713067Z ├──────────────────────────────────────────────────────────────────────────────────┼──────────┼─────────────────┼─────────┤
2025-07-02T21:03:14.9713678Z │ usr/local/lib/node_modules/npm/node_modules/npm-packlist/package.json            │ node-pkg │        0        │    -    │
2025-07-02T21:03:14.9714358Z ├──────────────────────────────────────────────────────────────────────────────────┼──────────┼─────────────────┼─────────┤
2025-07-02T21:03:14.9714994Z │ usr/local/lib/node_modules/npm/node_modules/npm-pick-manifest/node_modules/npm-- │ node-pkg │        0        │    -    │
2025-07-02T21:03:14.9715689Z │ normalize-package-bin/package.json                                               │          │                 │         │
2025-07-02T21:03:14.9716396Z ├──────────────────────────────────────────────────────────────────────────────────┼──────────┼─────────────────┼─────────┤
2025-07-02T21:03:14.9717166Z │ usr/local/lib/node_modules/npm/node_modules/npm-pick-manifest/package.json       │ node-pkg │        0        │    -    │
2025-07-02T21:03:14.9717854Z ├──────────────────────────────────────────────────────────────────────────────────┼──────────┼─────────────────┼─────────┤
2025-07-02T21:03:14.9718457Z │ usr/local/lib/node_modules/npm/node_modules/npm-profile/package.json             │ node-pkg │        0        │    -    │
2025-07-02T21:03:14.9719252Z ├──────────────────────────────────────────────────────────────────────────────────┼──────────┼─────────────────┼─────────┤
2025-07-02T21:03:14.9719873Z │ usr/local/lib/node_modules/npm/node_modules/npm-registry-fetch/package.json      │ node-pkg │        0        │    -    │
2025-07-02T21:03:14.9720579Z ├──────────────────────────────────────────────────────────────────────────────────┼──────────┼─────────────────┼─────────┤
2025-07-02T21:03:14.9721228Z │ usr/local/lib/node_modules/npm/node_modules/npm-user-validate/package.json       │ node-pkg │        0        │    -    │
2025-07-02T21:03:14.9721905Z ├──────────────────────────────────────────────────────────────────────────────────┼──────────┼─────────────────┼─────────┤
2025-07-02T21:03:14.9722498Z │ usr/local/lib/node_modules/npm/node_modules/npmlog/package.json                  │ node-pkg │        0        │    -    │
2025-07-02T21:03:14.9723162Z ├──────────────────────────────────────────────────────────────────────────────────┼──────────┼─────────────────┼─────────┤
2025-07-02T21:03:14.9723755Z │ usr/local/lib/node_modules/npm/node_modules/once/package.json                    │ node-pkg │        0        │    -    │
2025-07-02T21:03:14.9724407Z ├──────────────────────────────────────────────────────────────────────────────────┼──────────┼─────────────────┼─────────┤
2025-07-02T21:03:14.9725125Z │ usr/local/lib/node_modules/npm/node_modules/opener/package.json                  │ node-pkg │        0        │    -    │
2025-07-02T21:03:14.9725784Z ├──────────────────────────────────────────────────────────────────────────────────┼──────────┼─────────────────┼─────────┤
2025-07-02T21:03:14.9726383Z │ usr/local/lib/node_modules/npm/node_modules/p-map/package.json                   │ node-pkg │        0        │    -    │
2025-07-02T21:03:14.9727163Z ├──────────────────────────────────────────────────────────────────────────────────┼──────────┼─────────────────┼─────────┤
2025-07-02T21:03:14.9727784Z │ usr/local/lib/node_modules/npm/node_modules/pacote/package.json                  │ node-pkg │        0        │    -    │
2025-07-02T21:03:14.9728437Z ├──────────────────────────────────────────────────────────────────────────────────┼──────────┼─────────────────┼─────────┤
2025-07-02T21:03:14.9729071Z │ usr/local/lib/node_modules/npm/node_modules/parse-conflict-json/package.json     │ node-pkg │        0        │    -    │
2025-07-02T21:03:14.9729787Z ├──────────────────────────────────────────────────────────────────────────────────┼──────────┼─────────────────┼─────────┤
2025-07-02T21:03:14.9730400Z │ usr/local/lib/node_modules/npm/node_modules/path-is-absolute/package.json        │ node-pkg │        0        │    -    │
2025-07-02T21:03:14.9731082Z ├──────────────────────────────────────────────────────────────────────────────────┼──────────┼─────────────────┼─────────┤
2025-07-02T21:03:14.9731718Z │ usr/local/lib/node_modules/npm/node_modules/postcss-selector-parser/package.json │ node-pkg │        0        │    -    │
2025-07-02T21:03:14.9732546Z ├──────────────────────────────────────────────────────────────────────────────────┼──────────┼─────────────────┼─────────┤
2025-07-02T21:03:14.9733143Z │ usr/local/lib/node_modules/npm/node_modules/proc-log/package.json                │ node-pkg │        0        │    -    │
2025-07-02T21:03:14.9733796Z ├──────────────────────────────────────────────────────────────────────────────────┼──────────┼─────────────────┼─────────┤
2025-07-02T21:03:14.9734549Z │ usr/local/lib/node_modules/npm/node_modules/promise-all-reject-late/package.json │ node-pkg │        0        │    -    │
2025-07-02T21:03:14.9735243Z ├──────────────────────────────────────────────────────────────────────────────────┼──────────┼─────────────────┼─────────┤
2025-07-02T21:03:14.9735873Z │ usr/local/lib/node_modules/npm/node_modules/promise-call-limit/package.json      │ node-pkg │        0        │    -    │
2025-07-02T21:03:14.9736664Z ├──────────────────────────────────────────────────────────────────────────────────┼──────────┼─────────────────┼─────────┤
2025-07-02T21:03:14.9737292Z │ usr/local/lib/node_modules/npm/node_modules/promise-inflight/package.json        │ node-pkg │        0        │    -    │
2025-07-02T21:03:14.9738313Z ├──────────────────────────────────────────────────────────────────────────────────┼──────────┼─────────────────┼─────────┤
2025-07-02T21:03:14.9739058Z │ usr/local/lib/node_modules/npm/node_modules/promise-retry/package.json           │ node-pkg │        0        │    -    │
2025-07-02T21:03:14.9739729Z ├──────────────────────────────────────────────────────────────────────────────────┼──────────┼─────────────────┼─────────┤
2025-07-02T21:03:14.9740357Z │ usr/local/lib/node_modules/npm/node_modules/promzard/example/npm-init/package.j- │ node-pkg │        0        │    -    │
2025-07-02T21:03:14.9740955Z │ son                                                                              │          │                 │         │
2025-07-02T21:03:14.9741595Z ├──────────────────────────────────────────────────────────────────────────────────┼──────────┼─────────────────┼─────────┤
2025-07-02T21:03:14.9742192Z │ usr/local/lib/node_modules/npm/node_modules/promzard/package.json                │ node-pkg │        0        │    -    │
2025-07-02T21:03:14.9742856Z ├──────────────────────────────────────────────────────────────────────────────────┼──────────┼─────────────────┼─────────┤
2025-07-02T21:03:14.9743600Z │ usr/local/lib/node_modules/npm/node_modules/qrcode-terminal/package.json         │ node-pkg │        0        │    -    │
2025-07-02T21:03:14.9744276Z ├──────────────────────────────────────────────────────────────────────────────────┼──────────┼─────────────────┼─────────┤
2025-07-02T21:03:14.9744890Z │ usr/local/lib/node_modules/npm/node_modules/read-cmd-shim/package.json           │ node-pkg │        0        │    -    │
2025-07-02T21:03:14.9745553Z ├──────────────────────────────────────────────────────────────────────────────────┼──────────┼─────────────────┼─────────┤
2025-07-02T21:03:14.9746206Z │ usr/local/lib/node_modules/npm/node_modules/read-package-json-fast/package.json  │ node-pkg │        0        │    -    │
2025-07-02T21:03:14.9747075Z ├──────────────────────────────────────────────────────────────────────────────────┼──────────┼─────────────────┼─────────┤
2025-07-02T21:03:14.9747712Z │ usr/local/lib/node_modules/npm/node_modules/read-package-json/node_modules/npm-- │ node-pkg │        0        │    -    │
2025-07-02T21:03:14.9748432Z │ normalize-package-bin/package.json                                               │          │                 │         │
2025-07-02T21:03:14.9749009Z ├──────────────────────────────────────────────────────────────────────────────────┼──────────┼─────────────────┼─────────┤
2025-07-02T21:03:14.9749633Z │ usr/local/lib/node_modules/npm/node_modules/read-package-json/package.json       │ node-pkg │        0        │    -    │
2025-07-02T21:03:14.9750468Z ├──────────────────────────────────────────────────────────────────────────────────┼──────────┼─────────────────┼─────────┤
2025-07-02T21:03:14.9751057Z │ usr/local/lib/node_modules/npm/node_modules/read/package.json                    │ node-pkg │        0        │    -    │
2025-07-02T21:03:14.9751703Z ├──────────────────────────────────────────────────────────────────────────────────┼──────────┼─────────────────┼─────────┤
2025-07-02T21:03:14.9752346Z │ usr/local/lib/node_modules/npm/node_modules/readable-stream/package.json         │ node-pkg │        0        │    -    │
2025-07-02T21:03:14.9753013Z ├──────────────────────────────────────────────────────────────────────────────────┼──────────┼─────────────────┼─────────┤
2025-07-02T21:03:14.9753652Z │ usr/local/lib/node_modules/npm/node_modules/readdir-scoped-modules/package.json  │ node-pkg │        0        │    -    │
2025-07-02T21:03:14.9754337Z ├──────────────────────────────────────────────────────────────────────────────────┼──────────┼─────────────────┼─────────┤
2025-07-02T21:03:14.9754949Z │ usr/local/lib/node_modules/npm/node_modules/retry/package.json                   │ node-pkg │        0        │    -    │
2025-07-02T21:03:14.9755604Z ├──────────────────────────────────────────────────────────────────────────────────┼──────────┼─────────────────┼─────────┤
2025-07-02T21:03:14.9756231Z │ usr/local/lib/node_modules/npm/node_modules/rimraf/node_modules/brace-expansion- │ node-pkg │        1        │    -    │
2025-07-02T21:03:14.9757185Z │ /package.json                                                                    │          │                 │         │
2025-07-02T21:03:14.9757685Z ├──────────────────────────────────────────────────────────────────────────────────┼──────────┼─────────────────┼─────────┤
2025-07-02T21:03:14.9758338Z │ usr/local/lib/node_modules/npm/node_modules/rimraf/node_modules/glob/package.js- │ node-pkg │        0        │    -    │
2025-07-02T21:03:14.9759128Z │ on                                                                               │          │                 │         │
2025-07-02T21:03:14.9759887Z ├──────────────────────────────────────────────────────────────────────────────────┼──────────┼─────────────────┼─────────┤
2025-07-02T21:03:14.9760558Z │ usr/local/lib/node_modules/npm/node_modules/rimraf/node_modules/minimatch/packa- │ node-pkg │        0        │    -    │
2025-07-02T21:03:14.9761167Z │ ge.json                                                                          │          │                 │         │
2025-07-02T21:03:14.9761663Z ├──────────────────────────────────────────────────────────────────────────────────┼──────────┼─────────────────┼─────────┤
2025-07-02T21:03:14.9762258Z │ usr/local/lib/node_modules/npm/node_modules/rimraf/package.json                  │ node-pkg │        0        │    -    │
2025-07-02T21:03:14.9762904Z ├──────────────────────────────────────────────────────────────────────────────────┼──────────┼─────────────────┼─────────┤
2025-07-02T21:03:14.9763511Z │ usr/local/lib/node_modules/npm/node_modules/safe-buffer/package.json             │ node-pkg │        0        │    -    │
2025-07-02T21:03:14.9764199Z ├──────────────────────────────────────────────────────────────────────────────────┼──────────┼─────────────────┼─────────┤
2025-07-02T21:03:14.9764808Z │ usr/local/lib/node_modules/npm/node_modules/safer-buffer/package.json            │ node-pkg │        0        │    -    │
2025-07-02T21:03:14.9765613Z ├──────────────────────────────────────────────────────────────────────────────────┼──────────┼─────────────────┼─────────┤
2025-07-02T21:03:14.9766228Z │ usr/local/lib/node_modules/npm/node_modules/semver/node_modules/lru-cache/packa- │ node-pkg │        0        │    -    │
2025-07-02T21:03:14.9766943Z │ ge.json                                                                          │          │                 │         │
2025-07-02T21:03:14.9767419Z ├──────────────────────────────────────────────────────────────────────────────────┼──────────┼─────────────────┼─────────┤
2025-07-02T21:03:14.9768023Z │ usr/local/lib/node_modules/npm/node_modules/semver/package.json                  │ node-pkg │        1        │    -    │
2025-07-02T21:03:14.9768677Z ├──────────────────────────────────────────────────────────────────────────────────┼──────────┼─────────────────┼─────────┤
2025-07-02T21:03:14.9769283Z │ usr/local/lib/node_modules/npm/node_modules/set-blocking/package.json            │ node-pkg │        0        │    -    │
2025-07-02T21:03:14.9769968Z ├──────────────────────────────────────────────────────────────────────────────────┼──────────┼─────────────────┼─────────┤
2025-07-02T21:03:14.9770581Z │ usr/local/lib/node_modules/npm/node_modules/signal-exit/package.json             │ node-pkg │        0        │    -    │
2025-07-02T21:03:14.9771232Z ├──────────────────────────────────────────────────────────────────────────────────┼──────────┼─────────────────┼─────────┤
2025-07-02T21:03:14.9771837Z │ usr/local/lib/node_modules/npm/node_modules/smart-buffer/package.json            │ node-pkg │        0        │    -    │
2025-07-02T21:03:14.9772647Z ├──────────────────────────────────────────────────────────────────────────────────┼──────────┼─────────────────┼─────────┤
2025-07-02T21:03:14.9773262Z │ usr/local/lib/node_modules/npm/node_modules/socks-proxy-agent/package.json       │ node-pkg │        0        │    -    │
2025-07-02T21:03:14.9773933Z ├──────────────────────────────────────────────────────────────────────────────────┼──────────┼─────────────────┼─────────┤
2025-07-02T21:03:14.9774636Z │ usr/local/lib/node_modules/npm/node_modules/socks/package.json                   │ node-pkg │        0        │    -    │
2025-07-02T21:03:14.9775277Z ├──────────────────────────────────────────────────────────────────────────────────┼──────────┼─────────────────┼─────────┤
2025-07-02T21:03:14.9775884Z │ usr/local/lib/node_modules/npm/node_modules/spdx-correct/package.json            │ node-pkg │        0        │    -    │
2025-07-02T21:03:14.9776650Z ├──────────────────────────────────────────────────────────────────────────────────┼──────────┼─────────────────┼─────────┤
2025-07-02T21:03:14.9777288Z │ usr/local/lib/node_modules/npm/node_modules/spdx-exceptions/package.json         │ node-pkg │        0        │    -    │
2025-07-02T21:03:14.9777953Z ├──────────────────────────────────────────────────────────────────────────────────┼──────────┼─────────────────┼─────────┤
2025-07-02T21:03:14.9778605Z │ usr/local/lib/node_modules/npm/node_modules/spdx-expression-parse/package.json   │ node-pkg │        0        │    -    │
2025-07-02T21:03:14.9779302Z ├──────────────────────────────────────────────────────────────────────────────────┼──────────┼─────────────────┼─────────┤
2025-07-02T21:03:14.9779916Z │ usr/local/lib/node_modules/npm/node_modules/spdx-license-ids/package.json        │ node-pkg │        0        │    -    │
2025-07-02T21:03:14.9780592Z ├──────────────────────────────────────────────────────────────────────────────────┼──────────┼─────────────────┼─────────┤
2025-07-02T21:03:14.9781314Z │ usr/local/lib/node_modules/npm/node_modules/ssri/package.json                    │ node-pkg │        0        │    -    │
2025-07-02T21:03:14.9781960Z ├──────────────────────────────────────────────────────────────────────────────────┼──────────┼─────────────────┼─────────┤
2025-07-02T21:03:14.9782568Z │ usr/local/lib/node_modules/npm/node_modules/string-width/package.json            │ node-pkg │        0        │    -    │
2025-07-02T21:03:14.9783345Z ├──────────────────────────────────────────────────────────────────────────────────┼──────────┼─────────────────┼─────────┤
2025-07-02T21:03:14.9783960Z │ usr/local/lib/node_modules/npm/node_modules/string_decoder/package.json          │ node-pkg │        0        │    -    │
2025-07-02T21:03:14.9784630Z ├──────────────────────────────────────────────────────────────────────────────────┼──────────┼─────────────────┼─────────┤
2025-07-02T21:03:14.9785225Z │ usr/local/lib/node_modules/npm/node_modules/strip-ansi/package.json              │ node-pkg │        0        │    -    │
2025-07-02T21:03:14.9785903Z ├──────────────────────────────────────────────────────────────────────────────────┼──────────┼─────────────────┼─────────┤
2025-07-02T21:03:14.9786607Z │ usr/local/lib/node_modules/npm/node_modules/supports-color/package.json          │ node-pkg │        0        │    -    │
2025-07-02T21:03:14.9787289Z ├──────────────────────────────────────────────────────────────────────────────────┼──────────┼─────────────────┼─────────┤
2025-07-02T21:03:14.9787888Z │ usr/local/lib/node_modules/npm/node_modules/tar/package.json                     │ node-pkg │        1        │    -    │
2025-07-02T21:03:14.9788517Z ├──────────────────────────────────────────────────────────────────────────────────┼──────────┼─────────────────┼─────────┤
2025-07-02T21:03:14.9789111Z │ usr/local/lib/node_modules/npm/node_modules/text-table/package.json              │ node-pkg │        0        │    -    │
2025-07-02T21:03:14.9789771Z ├──────────────────────────────────────────────────────────────────────────────────┼──────────┼─────────────────┼─────────┤
2025-07-02T21:03:14.9790529Z │ usr/local/lib/node_modules/npm/node_modules/tiny-relative-date/package.json      │ node-pkg │        0        │    -    │
2025-07-02T21:03:14.9791203Z ├──────────────────────────────────────────────────────────────────────────────────┼──────────┼─────────────────┼─────────┤
2025-07-02T21:03:14.9791802Z │ usr/local/lib/node_modules/npm/node_modules/treeverse/package.json               │ node-pkg │        0        │    -    │
2025-07-02T21:03:14.9792484Z ├──────────────────────────────────────────────────────────────────────────────────┼──────────┼─────────────────┼─────────┤
2025-07-02T21:03:14.9793097Z │ usr/local/lib/node_modules/npm/node_modules/unique-filename/package.json         │ node-pkg │        0        │    -    │
2025-07-02T21:03:14.9793766Z ├──────────────────────────────────────────────────────────────────────────────────┼──────────┼─────────────────┼─────────┤
2025-07-02T21:03:14.9794385Z │ usr/local/lib/node_modules/npm/node_modules/unique-slug/package.json             │ node-pkg │        0        │    -    │
2025-07-02T21:03:14.9795042Z ├──────────────────────────────────────────────────────────────────────────────────┼──────────┼─────────────────┼─────────┤
2025-07-02T21:03:14.9795654Z │ usr/local/lib/node_modules/npm/node_modules/util-deprecate/package.json          │ node-pkg │        0        │    -    │
2025-07-02T21:03:14.9796541Z ├──────────────────────────────────────────────────────────────────────────────────┼──────────┼─────────────────┼─────────┤
2025-07-02T21:03:14.9797183Z │ usr/local/lib/node_modules/npm/node_modules/validate-npm-package-license/packag- │ node-pkg │        0        │    -    │
2025-07-02T21:03:14.9797790Z │ e.json                                                                           │          │                 │         │
2025-07-02T21:03:14.9798266Z ├──────────────────────────────────────────────────────────────────────────────────┼──────────┼─────────────────┼─────────┤
2025-07-02T21:03:14.9799030Z │ usr/local/lib/node_modules/npm/node_modules/validate-npm-package-name/package.j- │ node-pkg │        0        │    -    │
2025-07-02T21:03:14.9799619Z │ son                                                                              │          │                 │         │
2025-07-02T21:03:14.9800091Z ├──────────────────────────────────────────────────────────────────────────────────┼──────────┼─────────────────┼─────────┤
2025-07-02T21:03:14.9800706Z │ usr/local/lib/node_modules/npm/node_modules/walk-up-path/package.json            │ node-pkg │        0        │    -    │
2025-07-02T21:03:14.9801373Z ├──────────────────────────────────────────────────────────────────────────────────┼──────────┼─────────────────┼─────────┤
2025-07-02T21:03:14.9801961Z │ usr/local/lib/node_modules/npm/node_modules/wcwidth/package.json                 │ node-pkg │        0        │    -    │
2025-07-02T21:03:14.9802617Z ├──────────────────────────────────────────────────────────────────────────────────┼──────────┼─────────────────┼─────────┤
2025-07-02T21:03:14.9803214Z │ usr/local/lib/node_modules/npm/node_modules/which/package.json                   │ node-pkg │        0        │    -    │
2025-07-02T21:03:14.9803869Z ├──────────────────────────────────────────────────────────────────────────────────┼──────────┼─────────────────┼─────────┤
2025-07-02T21:03:14.9804471Z │ usr/local/lib/node_modules/npm/node_modules/wide-align/package.json              │ node-pkg │        0        │    -    │
2025-07-02T21:03:14.9805247Z ├──────────────────────────────────────────────────────────────────────────────────┼──────────┼─────────────────┼─────────┤
2025-07-02T21:03:14.9805840Z │ usr/local/lib/node_modules/npm/node_modules/wrappy/package.json                  │ node-pkg │        0        │    -    │
2025-07-02T21:03:14.9806691Z ├──────────────────────────────────────────────────────────────────────────────────┼──────────┼─────────────────┼─────────┤
2025-07-02T21:03:14.9807451Z │ usr/local/lib/node_modules/npm/node_modules/write-file-atomic/package.json       │ node-pkg │        0        │    -    │
2025-07-02T21:03:14.9808134Z ├──────────────────────────────────────────────────────────────────────────────────┼──────────┼─────────────────┼─────────┤
2025-07-02T21:03:14.9808726Z │ usr/local/lib/node_modules/npm/node_modules/yallist/package.json                 │ node-pkg │        0        │    -    │
2025-07-02T21:03:14.9809393Z ├──────────────────────────────────────────────────────────────────────────────────┼──────────┼─────────────────┼─────────┤
2025-07-02T21:03:14.9809933Z │ usr/local/lib/node_modules/npm/package.json                                      │ node-pkg │        0        │    -    │
2025-07-02T21:03:14.9810528Z ├──────────────────────────────────────────────────────────────────────────────────┼──────────┼─────────────────┼─────────┤
2025-07-02T21:03:14.9811076Z │ usr/src/app/node_modules/accepts/package.json                                    │ node-pkg │        0        │    -    │
2025-07-02T21:03:14.9811687Z ├──────────────────────────────────────────────────────────────────────────────────┼──────────┼─────────────────┼─────────┤
2025-07-02T21:03:14.9812249Z │ usr/src/app/node_modules/array-flatten/package.json                              │ node-pkg │        0        │    -    │
2025-07-02T21:03:14.9812879Z ├──────────────────────────────────────────────────────────────────────────────────┼──────────┼─────────────────┼─────────┤
2025-07-02T21:03:14.9813540Z │ usr/src/app/node_modules/async/package.json                                      │ node-pkg │        1        │    -    │
2025-07-02T21:03:14.9814143Z ├──────────────────────────────────────────────────────────────────────────────────┼──────────┼─────────────────┼─────────┤
2025-07-02T21:03:14.9814684Z │ usr/src/app/node_modules/basic-auth/package.json                                 │ node-pkg │        0        │    -    │
2025-07-02T21:03:14.9815295Z ├──────────────────────────────────────────────────────────────────────────────────┼──────────┼─────────────────┼─────────┤
2025-07-02T21:03:14.9815862Z │ usr/src/app/node_modules/bluebird/package.json                                   │ node-pkg │        0        │    -    │
2025-07-02T21:03:14.9816569Z ├──────────────────────────────────────────────────────────────────────────────────┼──────────┼─────────────────┼─────────┤
2025-07-02T21:03:14.9817123Z │ usr/src/app/node_modules/body-parser/package.json                                │ node-pkg │        1        │    -    │
2025-07-02T21:03:14.9817755Z ├──────────────────────────────────────────────────────────────────────────────────┼──────────┼─────────────────┼─────────┤
2025-07-02T21:03:14.9818290Z │ usr/src/app/node_modules/bson/package.json                                       │ node-pkg │        2        │    -    │
2025-07-02T21:03:14.9818885Z ├──────────────────────────────────────────────────────────────────────────────────┼──────────┼─────────────────┼─────────┤
2025-07-02T21:03:14.9819438Z │ usr/src/app/node_modules/buffer-shims/package.json                               │ node-pkg │        0        │    -    │
2025-07-02T21:03:14.9820192Z ├──────────────────────────────────────────────────────────────────────────────────┼──────────┼─────────────────┼─────────┤
2025-07-02T21:03:14.9820730Z │ usr/src/app/node_modules/bytes/package.json                                      │ node-pkg │        0        │    -    │
2025-07-02T21:03:14.9821471Z ├──────────────────────────────────────────────────────────────────────────────────┼──────────┼─────────────────┼─────────┤
2025-07-02T21:03:14.9822053Z │ usr/src/app/node_modules/content-disposition/package.json                        │ node-pkg │        0        │    -    │
2025-07-02T21:03:14.9822681Z ├──────────────────────────────────────────────────────────────────────────────────┼──────────┼─────────────────┼─────────┤
2025-07-02T21:03:14.9823236Z │ usr/src/app/node_modules/content-type/package.json                               │ node-pkg │        0        │    -    │
2025-07-02T21:03:14.9823873Z ├──────────────────────────────────────────────────────────────────────────────────┼──────────┼─────────────────┼─────────┤
2025-07-02T21:03:14.9824439Z │ usr/src/app/node_modules/cookie-signature/package.json                           │ node-pkg │        0        │    -    │
2025-07-02T21:03:14.9825070Z ├──────────────────────────────────────────────────────────────────────────────────┼──────────┼─────────────────┼─────────┤
2025-07-02T21:03:14.9825628Z │ usr/src/app/node_modules/cookie/package.json                                     │ node-pkg │        1        │    -    │
2025-07-02T21:03:14.9826224Z ├──────────────────────────────────────────────────────────────────────────────────┼──────────┼─────────────────┼─────────┤
2025-07-02T21:03:14.9826875Z │ usr/src/app/node_modules/core-util-is/package.json                               │ node-pkg │        0        │    -    │
2025-07-02T21:03:14.9827486Z ├──────────────────────────────────────────────────────────────────────────────────┼──────────┼─────────────────┼─────────┤
2025-07-02T21:03:14.9828157Z │ usr/src/app/node_modules/debug/package.json                                      │ node-pkg │        0        │    -    │
2025-07-02T21:03:14.9828742Z ├──────────────────────────────────────────────────────────────────────────────────┼──────────┼─────────────────┼─────────┤
2025-07-02T21:03:14.9829279Z │ usr/src/app/node_modules/depd/package.json                                       │ node-pkg │        0        │    -    │
2025-07-02T21:03:14.9830029Z ├──────────────────────────────────────────────────────────────────────────────────┼──────────┼─────────────────┼─────────┤
2025-07-02T21:03:14.9830575Z │ usr/src/app/node_modules/destroy/package.json                                    │ node-pkg │        0        │    -    │
2025-07-02T21:03:14.9831172Z ├──────────────────────────────────────────────────────────────────────────────────┼──────────┼─────────────────┼─────────┤
2025-07-02T21:03:14.9831716Z │ usr/src/app/node_modules/ee-first/package.json                                   │ node-pkg │        0        │    -    │
2025-07-02T21:03:14.9832334Z ├──────────────────────────────────────────────────────────────────────────────────┼──────────┼─────────────────┼─────────┤
2025-07-02T21:03:14.9832885Z │ usr/src/app/node_modules/encodeurl/package.json                                  │ node-pkg │        0        │    -    │
2025-07-02T21:03:14.9833509Z ├──────────────────────────────────────────────────────────────────────────────────┼──────────┼─────────────────┼─────────┤
2025-07-02T21:03:14.9834064Z │ usr/src/app/node_modules/es6-promise/package.json                                │ node-pkg │        0        │    -    │
2025-07-02T21:03:14.9834679Z ├──────────────────────────────────────────────────────────────────────────────────┼──────────┼─────────────────┼─────────┤
2025-07-02T21:03:14.9835225Z │ usr/src/app/node_modules/escape-html/package.json                                │ node-pkg │        0        │    -    │
2025-07-02T21:03:14.9835928Z ├──────────────────────────────────────────────────────────────────────────────────┼──────────┼─────────────────┼─────────┤
2025-07-02T21:03:14.9836549Z │ usr/src/app/node_modules/etag/package.json                                       │ node-pkg │        0        │    -    │
2025-07-02T21:03:14.9837153Z ├──────────────────────────────────────────────────────────────────────────────────┼──────────┼─────────────────┼─────────┤
2025-07-02T21:03:14.9837714Z │ usr/src/app/node_modules/express/package.json                                    │ node-pkg │        2        │    -    │
2025-07-02T21:03:14.9838308Z ├──────────────────────────────────────────────────────────────────────────────────┼──────────┼─────────────────┼─────────┤
2025-07-02T21:03:14.9838865Z │ usr/src/app/node_modules/finalhandler/package.json                               │ node-pkg │        0        │    -    │
2025-07-02T21:03:14.9839487Z ├──────────────────────────────────────────────────────────────────────────────────┼──────────┼─────────────────┼─────────┤
2025-07-02T21:03:14.9840051Z │ usr/src/app/node_modules/forwarded/package.json                                  │ node-pkg │        0        │    -    │
2025-07-02T21:03:14.9840661Z ├──────────────────────────────────────────────────────────────────────────────────┼──────────┼─────────────────┼─────────┤
2025-07-02T21:03:14.9841195Z │ usr/src/app/node_modules/fresh/package.json                                      │ node-pkg │        0        │    -    │
2025-07-02T21:03:14.9841926Z ├──────────────────────────────────────────────────────────────────────────────────┼──────────┼─────────────────┼─────────┤
2025-07-02T21:03:14.9842481Z │ usr/src/app/node_modules/hooks-fixed/package.json                                │ node-pkg │        0        │    -    │
2025-07-02T21:03:14.9843085Z ├──────────────────────────────────────────────────────────────────────────────────┼──────────┼─────────────────┼─────────┤
2025-07-02T21:03:14.9843640Z │ usr/src/app/node_modules/http-errors/package.json                                │ node-pkg │        0        │    -    │
2025-07-02T21:03:14.9844367Z ├──────────────────────────────────────────────────────────────────────────────────┼──────────┼─────────────────┼─────────┤
2025-07-02T21:03:14.9844927Z │ usr/src/app/node_modules/iconv-lite/package.json                                 │ node-pkg │        0        │    -    │
2025-07-02T21:03:14.9845538Z ├──────────────────────────────────────────────────────────────────────────────────┼──────────┼─────────────────┼─────────┤
2025-07-02T21:03:14.9846099Z │ usr/src/app/node_modules/inherits/package.json                                   │ node-pkg │        0        │    -    │
2025-07-02T21:03:14.9846802Z ├──────────────────────────────────────────────────────────────────────────────────┼──────────┼─────────────────┼─────────┤
2025-07-02T21:03:14.9847348Z │ usr/src/app/node_modules/ipaddr.js/package.json                                  │ node-pkg │        0        │    -    │
2025-07-02T21:03:14.9847965Z ├──────────────────────────────────────────────────────────────────────────────────┼──────────┼─────────────────┼─────────┤
2025-07-02T21:03:14.9848510Z │ usr/src/app/node_modules/isarray/package.json                                    │ node-pkg │        0        │    -    │
2025-07-02T21:03:14.9849112Z ├──────────────────────────────────────────────────────────────────────────────────┼──────────┼─────────────────┼─────────┤
2025-07-02T21:03:14.9849787Z │ usr/src/app/node_modules/kareem/package.json                                     │ node-pkg │        0        │    -    │
2025-07-02T21:03:14.9850398Z ├──────────────────────────────────────────────────────────────────────────────────┼──────────┼─────────────────┼─────────┤
2025-07-02T21:03:14.9850929Z │ usr/src/app/node_modules/lodash/package.json                                     │ node-pkg │        0        │    -    │
2025-07-02T21:03:14.9851542Z ├──────────────────────────────────────────────────────────────────────────────────┼──────────┼─────────────────┼─────────┤
2025-07-02T21:03:14.9852217Z │ usr/src/app/node_modules/media-typer/package.json                                │ node-pkg │        0        │    -    │
2025-07-02T21:03:14.9852840Z ├──────────────────────────────────────────────────────────────────────────────────┼──────────┼─────────────────┼─────────┤
2025-07-02T21:03:14.9853417Z │ usr/src/app/node_modules/merge-descriptors/package.json                          │ node-pkg │        0        │    -    │
2025-07-02T21:03:14.9854060Z ├──────────────────────────────────────────────────────────────────────────────────┼──────────┼─────────────────┼─────────┤
2025-07-02T21:03:14.9854605Z │ usr/src/app/node_modules/methods/package.json                                    │ node-pkg │        0        │    -    │
2025-07-02T21:03:14.9854982Z 
2025-07-02T21:03:14.9855099Z 📣 [34mNotices:[0m
2025-07-02T21:03:14.9855368Z   - Version 0.64.0 of Trivy is now available, current version is 0.63.0
2025-07-02T21:03:14.9855605Z 
2025-07-02T21:03:14.9855822Z To suppress version checks, run Trivy scans with the --skip-version-check flag
2025-07-02T21:03:14.9856096Z 
2025-07-02T21:03:14.9856388Z ├──────────────────────────────────────────────────────────────────────────────────┼──────────┼─────────────────┼─────────┤
2025-07-02T21:03:14.9857048Z │ usr/src/app/node_modules/mime-db/package.json                                    │ node-pkg │        0        │    -    │
2025-07-02T21:03:14.9857781Z ├──────────────────────────────────────────────────────────────────────────────────┼──────────┼─────────────────┼─────────┤
2025-07-02T21:03:14.9858329Z │ usr/src/app/node_modules/mime-types/package.json                                 │ node-pkg │        0        │    -    │
2025-07-02T21:03:14.9858932Z ├──────────────────────────────────────────────────────────────────────────────────┼──────────┼─────────────────┼─────────┤
2025-07-02T21:03:14.9859462Z │ usr/src/app/node_modules/mime/package.json                                       │ node-pkg │        0        │    -    │
2025-07-02T21:03:14.9860079Z ├──────────────────────────────────────────────────────────────────────────────────┼──────────┼─────────────────┼─────────┤
2025-07-02T21:03:14.9860647Z │ usr/src/app/node_modules/mongodb-core/package.json                               │ node-pkg │        0        │    -    │
2025-07-02T21:03:14.9861264Z ├──────────────────────────────────────────────────────────────────────────────────┼──────────┼─────────────────┼─────────┤
2025-07-02T21:03:14.9861831Z │ usr/src/app/node_modules/mongodb/package.json                                    │ node-pkg │        1        │    -    │
2025-07-02T21:03:14.9862424Z ├──────────────────────────────────────────────────────────────────────────────────┼──────────┼─────────────────┼─────────┤
2025-07-02T21:03:14.9863045Z │ usr/src/app/node_modules/mongoose/examples/aggregate/package.json                │ node-pkg │        0        │    -    │
2025-07-02T21:03:14.9863722Z ├──────────────────────────────────────────────────────────────────────────────────┼──────────┼─────────────────┼─────────┤
2025-07-02T21:03:14.9864493Z │ usr/src/app/node_modules/mongoose/examples/express/connection-sharing/package.j- │ node-pkg │        0        │    -    │
2025-07-02T21:03:14.9865104Z │ son                                                                              │          │                 │         │
2025-07-02T21:03:14.9865570Z ├──────────────────────────────────────────────────────────────────────────────────┼──────────┼─────────────────┼─────────┤
2025-07-02T21:03:14.9866272Z │ usr/src/app/node_modules/mongoose/examples/geospatial/package.json               │ node-pkg │        0        │    -    │
2025-07-02T21:03:14.9867048Z ├──────────────────────────────────────────────────────────────────────────────────┼──────────┼─────────────────┼─────────┤
2025-07-02T21:03:14.9867639Z │ usr/src/app/node_modules/mongoose/examples/lean/package.json                     │ node-pkg │        0        │    -    │
2025-07-02T21:03:14.9868290Z ├──────────────────────────────────────────────────────────────────────────────────┼──────────┼─────────────────┼─────────┤
2025-07-02T21:03:14.9868919Z │ usr/src/app/node_modules/mongoose/examples/mapreduce/package.json                │ node-pkg │        0        │    -    │
2025-07-02T21:03:14.9869580Z ├──────────────────────────────────────────────────────────────────────────────────┼──────────┼─────────────────┼─────────┤
2025-07-02T21:03:14.9870208Z │ usr/src/app/node_modules/mongoose/examples/promises/package.json                 │ node-pkg │        0        │    -    │
2025-07-02T21:03:14.9870871Z ├──────────────────────────────────────────────────────────────────────────────────┼──────────┼─────────────────┼─────────┤
2025-07-02T21:03:14.9871495Z │ usr/src/app/node_modules/mongoose/examples/querybuilder/package.json             │ node-pkg │        0        │    -    │
2025-07-02T21:03:14.9872178Z ├──────────────────────────────────────────────────────────────────────────────────┼──────────┼─────────────────┼─────────┤
2025-07-02T21:03:14.9872926Z │ usr/src/app/node_modules/mongoose/examples/replicasets/package.json              │ node-pkg │        0        │    -    │
2025-07-02T21:03:14.9873610Z ├──────────────────────────────────────────────────────────────────────────────────┼──────────┼─────────────────┼─────────┤
2025-07-02T21:03:14.9874159Z │ usr/src/app/node_modules/mongoose/package.json                                   │ node-pkg │        5        │    -    │
2025-07-02T21:03:14.9874792Z ├──────────────────────────────────────────────────────────────────────────────────┼──────────┼─────────────────┼─────────┤
2025-07-02T21:03:14.9875334Z │ usr/src/app/node_modules/morgan/package.json                                     │ node-pkg │        0        │    -    │
2025-07-02T21:03:14.9875924Z ├──────────────────────────────────────────────────────────────────────────────────┼──────────┼─────────────────┼─────────┤
2025-07-02T21:03:14.9876559Z │ usr/src/app/node_modules/mpath/package.json                                      │ node-pkg │        2        │    -    │
2025-07-02T21:03:14.9877186Z ├──────────────────────────────────────────────────────────────────────────────────┼──────────┼─────────────────┼─────────┤
2025-07-02T21:03:14.9877728Z │ usr/src/app/node_modules/mpromise/package.json                                   │ node-pkg │        0        │    -    │
2025-07-02T21:03:14.9878342Z ├──────────────────────────────────────────────────────────────────────────────────┼──────────┼─────────────────┼─────────┤
2025-07-02T21:03:14.9879066Z │ usr/src/app/node_modules/mquery/node_modules/sliced/package.json                 │ node-pkg │        0        │    -    │
2025-07-02T21:03:14.9879717Z ├──────────────────────────────────────────────────────────────────────────────────┼──────────┼─────────────────┼─────────┤
2025-07-02T21:03:14.9880266Z │ usr/src/app/node_modules/mquery/package.json                                     │ node-pkg │        1        │    -    │
2025-07-02T21:03:14.9880856Z ├──────────────────────────────────────────────────────────────────────────────────┼──────────┼─────────────────┼─────────┤
2025-07-02T21:03:14.9881505Z │ usr/src/app/node_modules/ms/package.json                                         │ node-pkg │        0        │    -    │
2025-07-02T21:03:14.9882079Z ├──────────────────────────────────────────────────────────────────────────────────┼──────────┼─────────────────┼─────────┤
2025-07-02T21:03:14.9882635Z │ usr/src/app/node_modules/muri/package.json                                       │ node-pkg │        0        │    -    │
2025-07-02T21:03:14.9883229Z ├──────────────────────────────────────────────────────────────────────────────────┼──────────┼─────────────────┼─────────┤
2025-07-02T21:03:14.9883777Z │ usr/src/app/node_modules/negotiator/package.json                                 │ node-pkg │        0        │    -    │
2025-07-02T21:03:14.9884389Z ├──────────────────────────────────────────────────────────────────────────────────┼──────────┼─────────────────┼─────────┤
2025-07-02T21:03:14.9884967Z │ usr/src/app/node_modules/on-finished/package.json                                │ node-pkg │        0        │    -    │
2025-07-02T21:03:14.9885573Z ├──────────────────────────────────────────────────────────────────────────────────┼──────────┼─────────────────┼─────────┤
2025-07-02T21:03:14.9886120Z │ usr/src/app/node_modules/on-headers/package.json                                 │ node-pkg │        0        │    -    │
2025-07-02T21:03:14.9886921Z ├──────────────────────────────────────────────────────────────────────────────────┼──────────┼─────────────────┼─────────┤
2025-07-02T21:03:14.9887475Z │ usr/src/app/node_modules/parseurl/package.json                                   │ node-pkg │        0        │    -    │
2025-07-02T21:03:14.9888089Z ├──────────────────────────────────────────────────────────────────────────────────┼──────────┼─────────────────┼─────────┤
2025-07-02T21:03:14.9888644Z │ usr/src/app/node_modules/path-to-regexp/package.json                             │ node-pkg │        2        │    -    │
2025-07-02T21:03:14.9889392Z ├──────────────────────────────────────────────────────────────────────────────────┼──────────┼─────────────────┼─────────┤
2025-07-02T21:03:14.9889970Z │ usr/src/app/node_modules/process-nextick-args/package.json                       │ node-pkg │        0        │    -    │
2025-07-02T21:03:14.9890616Z ├──────────────────────────────────────────────────────────────────────────────────┼──────────┼─────────────────┼─────────┤
2025-07-02T21:03:14.9891188Z │ usr/src/app/node_modules/proxy-addr/package.json                                 │ node-pkg │        0        │    -    │
2025-07-02T21:03:14.9891794Z ├──────────────────────────────────────────────────────────────────────────────────┼──────────┼─────────────────┼─────────┤
2025-07-02T21:03:14.9892321Z │ usr/src/app/node_modules/qs/package.json                                         │ node-pkg │        1        │    -    │
2025-07-02T21:03:14.9892897Z ├──────────────────────────────────────────────────────────────────────────────────┼──────────┼─────────────────┼─────────┤
2025-07-02T21:03:14.9893476Z │ usr/src/app/node_modules/range-parser/package.json                               │ node-pkg │        0        │    -    │
2025-07-02T21:03:14.9894093Z ├──────────────────────────────────────────────────────────────────────────────────┼──────────┼─────────────────┼─────────┤
2025-07-02T21:03:14.9894633Z │ usr/src/app/node_modules/raw-body/package.json                                   │ node-pkg │        0        │    -    │
2025-07-02T21:03:14.9895366Z ├──────────────────────────────────────────────────────────────────────────────────┼──────────┼─────────────────┼─────────┤
2025-07-02T21:03:14.9895935Z │ usr/src/app/node_modules/readable-stream/package.json                            │ node-pkg │        0        │    -    │
2025-07-02T21:03:14.9896646Z ├──────────────────────────────────────────────────────────────────────────────────┼──────────┼─────────────────┼─────────┤
2025-07-02T21:03:14.9897373Z │ usr/src/app/node_modules/regexp-clone/package.json                               │ node-pkg │        0        │    -    │
2025-07-02T21:03:14.9897989Z ├──────────────────────────────────────────────────────────────────────────────────┼──────────┼─────────────────┼─────────┤
2025-07-02T21:03:14.9898556Z │ usr/src/app/node_modules/require_optional/package.json                           │ node-pkg │        0        │    -    │
2025-07-02T21:03:14.9899197Z ├──────────────────────────────────────────────────────────────────────────────────┼──────────┼─────────────────┼─────────┤
2025-07-02T21:03:14.9899805Z │ usr/src/app/node_modules/require_optional/test/nestedTest/package.json           │ node-pkg │        0        │    -    │
2025-07-02T21:03:14.9900469Z ├──────────────────────────────────────────────────────────────────────────────────┼──────────┼─────────────────┼─────────┤
2025-07-02T21:03:14.9901021Z │ usr/src/app/node_modules/resolve-from/package.json                               │ node-pkg │        0        │    -    │
2025-07-02T21:03:14.9901654Z ├──────────────────────────────────────────────────────────────────────────────────┼──────────┼─────────────────┼─────────┤
2025-07-02T21:03:14.9902210Z │ usr/src/app/node_modules/safe-buffer/package.json                                │ node-pkg │        0        │    -    │
2025-07-02T21:03:14.9902823Z ├──────────────────────────────────────────────────────────────────────────────────┼──────────┼─────────────────┼─────────┤
2025-07-02T21:03:14.9903512Z │ usr/src/app/node_modules/safer-buffer/package.json                               │ node-pkg │        0        │    -    │
2025-07-02T21:03:14.9904128Z ├──────────────────────────────────────────────────────────────────────────────────┼──────────┼─────────────────┼─────────┤
2025-07-02T21:03:14.9904671Z │ usr/src/app/node_modules/semver/package.json                                     │ node-pkg │        0        │    -    │
2025-07-02T21:03:14.9905277Z ├──────────────────────────────────────────────────────────────────────────────────┼──────────┼─────────────────┼─────────┤
2025-07-02T21:03:14.9905825Z │ usr/src/app/node_modules/send/package.json                                       │ node-pkg │        1        │    -    │
2025-07-02T21:03:14.9906516Z ├──────────────────────────────────────────────────────────────────────────────────┼──────────┼─────────────────┼─────────┤
2025-07-02T21:03:14.9907079Z │ usr/src/app/node_modules/serve-static/package.json                               │ node-pkg │        1        │    -    │
2025-07-02T21:03:14.9907716Z ├──────────────────────────────────────────────────────────────────────────────────┼──────────┼─────────────────┼─────────┤
2025-07-02T21:03:14.9908287Z │ usr/src/app/node_modules/setprototypeof/package.json                             │ node-pkg │        0        │    -    │
2025-07-02T21:03:14.9908913Z ├──────────────────────────────────────────────────────────────────────────────────┼──────────┼─────────────────┼─────────┤
2025-07-02T21:03:14.9909451Z │ usr/src/app/node_modules/sliced/package.json                                     │ node-pkg │        0        │    -    │
2025-07-02T21:03:14.9910186Z ├──────────────────────────────────────────────────────────────────────────────────┼──────────┼─────────────────┼─────────┤
2025-07-02T21:03:14.9910728Z │ usr/src/app/node_modules/statuses/package.json                                   │ node-pkg │        0        │    -    │
2025-07-02T21:03:14.9911449Z ├──────────────────────────────────────────────────────────────────────────────────┼──────────┼─────────────────┼─────────┤
2025-07-02T21:03:14.9912005Z │ usr/src/app/node_modules/string_decoder/package.json                             │ node-pkg │        0        │    -    │
2025-07-02T21:03:14.9912630Z ├──────────────────────────────────────────────────────────────────────────────────┼──────────┼─────────────────┼─────────┤
2025-07-02T21:03:14.9913169Z │ usr/src/app/node_modules/type-is/package.json                                    │ node-pkg │        0        │    -    │
2025-07-02T21:03:14.9913777Z ├──────────────────────────────────────────────────────────────────────────────────┼──────────┼─────────────────┼─────────┤
2025-07-02T21:03:14.9914321Z │ usr/src/app/node_modules/unpipe/package.json                                     │ node-pkg │        0        │    -    │
2025-07-02T21:03:14.9914926Z ├──────────────────────────────────────────────────────────────────────────────────┼──────────┼─────────────────┼─────────┤
2025-07-02T21:03:14.9915503Z │ usr/src/app/node_modules/util-deprecate/package.json                             │ node-pkg │        0        │    -    │
2025-07-02T21:03:14.9916121Z ├──────────────────────────────────────────────────────────────────────────────────┼──────────┼─────────────────┼─────────┤
2025-07-02T21:03:14.9916770Z │ usr/src/app/node_modules/utils-merge/package.json                                │ node-pkg │        0        │    -    │
2025-07-02T21:03:14.9917393Z ├──────────────────────────────────────────────────────────────────────────────────┼──────────┼─────────────────┼─────────┤
2025-07-02T21:03:14.9918060Z │ usr/src/app/node_modules/vary/package.json                                       │ node-pkg │        0        │    -    │
2025-07-02T21:03:14.9918656Z └──────────────────────────────────────────────────────────────────────────────────┴──────────┴─────────────────┴─────────┘
2025-07-02T21:03:14.9918946Z Legend:
2025-07-02T21:03:14.9919215Z - '-': Not scanned
2025-07-02T21:03:14.9919420Z - '0': Clean (no security findings detected)
2025-07-02T21:03:14.9919598Z 
2025-07-02T21:03:14.9919602Z 
2025-07-02T21:03:14.9919689Z For OSS Maintainers: VEX Notice
2025-07-02T21:03:14.9919900Z --------------------------------
2025-07-02T21:03:14.9920599Z If you're an OSS maintainer and Trivy has detected vulnerabilities in your project that you believe are not actually exploitable, consider issuing a VEX (Vulnerability Exploitability eXchange) statement.
2025-07-02T21:03:14.9921675Z VEX allows you to communicate the actual status of vulnerabilities in your project, improving security transparency and reducing false positives for your users.
2025-07-02T21:03:14.9922492Z Learn more and start using VEX: https://trivy.dev/v0.63/docs/supply-chain/vex/repo#publishing-vex-documents
2025-07-02T21:03:14.9922849Z 
2025-07-02T21:03:14.9923033Z To disable this notice, set the TRIVY_DISABLE_VEX_NOTICE environment variable.
2025-07-02T21:03:14.9923290Z 
2025-07-02T21:03:14.9923300Z 
2025-07-02T21:03:14.9923380Z node-api:latest (alpine 3.18.3)
2025-07-02T21:03:14.9923584Z ===============================
2025-07-02T21:03:14.9923828Z Total: 38 (UNKNOWN: 2, LOW: 4, MEDIUM: 28, HIGH: 4, CRITICAL: 0)
2025-07-02T21:03:14.9924043Z 
2025-07-02T21:03:14.9924396Z ┌───────────────┬────────────────┬──────────┬────────┬───────────────────┬───────────────┬─────────────────────────────────────────────────────────────┐
2025-07-02T21:03:14.9925085Z │    Library    │ Vulnerability  │ Severity │ Status │ Installed Version │ Fixed Version │                            Title                            │
2025-07-02T21:03:14.9925840Z ├───────────────┼────────────────┼──────────┼────────┼───────────────────┼───────────────┼─────────────────────────────────────────────────────────────┤
2025-07-02T21:03:14.9926578Z │ busybox       │ CVE-2023-42363 │ MEDIUM   │ fixed  │ 1.36.1-r2         │ 1.36.1-r7     │ busybox: use-after-free in awk                              │
2025-07-02T21:03:14.9927212Z │               │                │          │        │                   │               │ https://avd.aquasec.com/nvd/cve-2023-42363                  │
2025-07-02T21:03:14.9927747Z │               ├────────────────┤          │        │                   │               ├─────────────────────────────────────────────────────────────┤
2025-07-02T21:03:14.9928252Z │               │ CVE-2023-42364 │          │        │                   │               │ busybox: use-after-free                                     │
2025-07-02T21:03:14.9928776Z │               │                │          │        │                   │               │ https://avd.aquasec.com/nvd/cve-2023-42364                  │
2025-07-02T21:03:14.9929419Z │               ├────────────────┤          │        │                   │               ├─────────────────────────────────────────────────────────────┤
2025-07-02T21:03:14.9929926Z │               │ CVE-2023-42365 │          │        │                   │               │ busybox: use-after-free                                     │
2025-07-02T21:03:14.9930573Z │               │                │          │        │                   │               │ https://avd.aquasec.com/nvd/cve-2023-42365                  │
2025-07-02T21:03:14.9931101Z │               ├────────────────┤          │        │                   ├───────────────┼─────────────────────────────────────────────────────────────┤
2025-07-02T21:03:14.9931633Z │               │ CVE-2023-42366 │          │        │                   │ 1.36.1-r6     │ busybox: A heap-buffer-overflow                             │
2025-07-02T21:03:14.9932195Z │               │                │          │        │                   │               │ https://avd.aquasec.com/nvd/cve-2023-42366                  │
2025-07-02T21:03:14.9932733Z ├───────────────┼────────────────┤          │        │                   ├───────────────┼─────────────────────────────────────────────────────────────┤
2025-07-02T21:03:14.9933308Z │ busybox-binsh │ CVE-2023-42363 │          │        │                   │ 1.36.1-r7     │ busybox: use-after-free in awk                              │
2025-07-02T21:03:14.9933912Z │               │                │          │        │                   │               │ https://avd.aquasec.com/nvd/cve-2023-42363                  │
2025-07-02T21:03:14.9934419Z │               ├────────────────┤          │        │                   │               ├─────────────────────────────────────────────────────────────┤
2025-07-02T21:03:14.9934910Z │               │ CVE-2023-42364 │          │        │                   │               │ busybox: use-after-free                                     │
2025-07-02T21:03:14.9935530Z │               │                │          │        │                   │               │ https://avd.aquasec.com/nvd/cve-2023-42364                  │
2025-07-02T21:03:14.9936035Z │               ├────────────────┤          │        │                   │               ├─────────────────────────────────────────────────────────────┤
2025-07-02T21:03:14.9936635Z │               │ CVE-2023-42365 │          │        │                   │               │ busybox: use-after-free                                     │
2025-07-02T21:03:14.9937163Z │               │                │          │        │                   │               │ https://avd.aquasec.com/nvd/cve-2023-42365                  │
2025-07-02T21:03:14.9937683Z │               ├────────────────┤          │        │                   ├───────────────┼─────────────────────────────────────────────────────────────┤
2025-07-02T21:03:14.9938200Z │               │ CVE-2023-42366 │          │        │                   │ 1.36.1-r6     │ busybox: A heap-buffer-overflow                             │
2025-07-02T21:03:14.9938757Z │               │                │          │        │                   │               │ https://avd.aquasec.com/nvd/cve-2023-42366                  │
2025-07-02T21:03:14.9939322Z ├───────────────┼────────────────┼──────────┤        ├───────────────────┼───────────────┼─────────────────────────────────────────────────────────────┤
2025-07-02T21:03:14.9940076Z │ libcrypto3    │ CVE-2023-5363  │ HIGH     │        │ 3.1.2-r0          │ 3.1.4-r0      │ openssl: Incorrect cipher key and IV length processing      │
2025-07-02T21:03:14.9940690Z │               │                │          │        │                   │               │ https://avd.aquasec.com/nvd/cve-2023-5363                   │
2025-07-02T21:03:14.9941202Z │               ├────────────────┤          │        │                   ├───────────────┼─────────────────────────────────────────────────────────────┤
2025-07-02T21:03:14.9941752Z │               │ CVE-2024-6119  │          │        │                   │ 3.1.7-r0      │ openssl: Possible denial of service in X.509 name checks    │
2025-07-02T21:03:14.9942302Z │               │                │          │        │                   │               │ https://avd.aquasec.com/nvd/cve-2024-6119                   │
2025-07-02T21:03:14.9942830Z │               ├────────────────┼──────────┤        │                   ├───────────────┼─────────────────────────────────────────────────────────────┤
2025-07-02T21:03:14.9943416Z │               │ CVE-2023-5678  │ MEDIUM   │        │                   │ 3.1.4-r1      │ openssl: Generating excessively long X9.42 DH keys or       │
2025-07-02T21:03:14.9943990Z │               │                │          │        │                   │               │ checking excessively long X9.42...                          │
2025-07-02T21:03:14.9944509Z │               │                │          │        │                   │               │ https://avd.aquasec.com/nvd/cve-2023-5678                   │
2025-07-02T21:03:14.9945159Z │               ├────────────────┤          │        │                   ├───────────────┼─────────────────────────────────────────────────────────────┤
2025-07-02T21:03:14.9945698Z │               │ CVE-2023-6129  │          │        │                   │ 3.1.4-r3      │ openssl: POLY1305 MAC implementation corrupts vector        │
2025-07-02T21:03:14.9946257Z │               │                │          │        │                   │               │ registers on PowerPC                                        │
2025-07-02T21:03:14.9946882Z │               │                │          │        │                   │               │ https://avd.aquasec.com/nvd/cve-2023-6129                   │
2025-07-02T21:03:14.9947403Z │               ├────────────────┤          │        │                   ├───────────────┼─────────────────────────────────────────────────────────────┤
2025-07-02T21:03:14.9947942Z │               │ CVE-2023-6237  │          │        │                   │ 3.1.4-r4      │ openssl: Excessive time spent checking invalid RSA public   │
2025-07-02T21:03:14.9948471Z │               │                │          │        │                   │               │ keys                                                        │
2025-07-02T21:03:14.9948923Z │               │                │          │        │                   │               │ https://avd.aquasec.com/nvd/cve-2023-6237                   │
2025-07-02T21:03:14.9949573Z │               ├────────────────┤          │        │                   ├───────────────┼─────────────────────────────────────────────────────────────┤
2025-07-02T21:03:14.9950095Z │               │ CVE-2024-0727  │          │        │                   │ 3.1.4-r5      │ openssl: denial of service via null dereference             │
2025-07-02T21:03:14.9950637Z │               │                │          │        │                   │               │ https://avd.aquasec.com/nvd/cve-2024-0727                   │
2025-07-02T21:03:14.9951170Z │               ├────────────────┤          │        │                   ├───────────────┼─────────────────────────────────────────────────────────────┤
2025-07-02T21:03:14.9951712Z │               │ CVE-2024-13176 │          │        │                   │ 3.1.8-r0      │ openssl: Timing side-channel in ECDSA signature computation │
2025-07-02T21:03:14.9952289Z │               │                │          │        │                   │               │ https://avd.aquasec.com/nvd/cve-2024-13176                  │
2025-07-02T21:03:14.9952840Z │               ├────────────────┤          │        │                   ├───────────────┼─────────────────────────────────────────────────────────────┤
2025-07-02T21:03:14.9953378Z │               │ CVE-2024-4603  │          │        │                   │ 3.1.5-r0      │ openssl: Excessive time spent checking DSA keys and         │
2025-07-02T21:03:14.9953910Z │               │                │          │        │                   │               │ parameters                                                  │
2025-07-02T21:03:14.9954517Z │               │                │          │        │                   │               │ https://avd.aquasec.com/nvd/cve-2024-4603                   │
2025-07-02T21:03:14.9955036Z │               ├────────────────┤          │        │                   ├───────────────┼─────────────────────────────────────────────────────────────┤
2025-07-02T21:03:14.9955581Z │               │ CVE-2024-4741  │          │        │                   │ 3.1.6-r0      │ openssl: Use After Free with SSL_free_buffers               │
2025-07-02T21:03:14.9956122Z │               │                │          │        │                   │               │ https://avd.aquasec.com/nvd/cve-2024-4741                   │
2025-07-02T21:03:14.9956733Z │               ├────────────────┤          │        │                   │               ├─────────────────────────────────────────────────────────────┤
2025-07-02T21:03:14.9957262Z │               │ CVE-2024-5535  │          │        │                   │               │ openssl: SSL_select_next_proto buffer overread              │
2025-07-02T21:03:14.9957801Z │               │                │          │        │                   │               │ https://avd.aquasec.com/nvd/cve-2024-5535                   │
2025-07-02T21:03:14.9958340Z │               ├────────────────┼──────────┤        │                   ├───────────────┼─────────────────────────────────────────────────────────────┤
2025-07-02T21:03:14.9959034Z │               │ CVE-2024-2511  │ LOW      │        │                   │ 3.1.4-r6      │ openssl: Unbounded memory growth with session handling in   │
2025-07-02T21:03:14.9959557Z │               │                │          │        │                   │               │ TLSv1.3                                                     │
2025-07-02T21:03:14.9960018Z │               │                │          │        │                   │               │ https://avd.aquasec.com/nvd/cve-2024-2511                   │
2025-07-02T21:03:14.9960544Z │               ├────────────────┤          │        │                   ├───────────────┼─────────────────────────────────────────────────────────────┤
2025-07-02T21:03:14.9961079Z │               │ CVE-2024-9143  │          │        │                   │ 3.1.7-r1      │ openssl: Low-level invalid GF(2^m) parameters lead to OOB   │
2025-07-02T21:03:14.9961622Z │               │                │          │        │                   │               │ memory access                                               │
2025-07-02T21:03:14.9962098Z │               │                │          │        │                   │               │ https://avd.aquasec.com/nvd/cve-2024-9143                   │
2025-07-02T21:03:14.9962649Z ├───────────────┼────────────────┼──────────┤        │                   ├───────────────┼─────────────────────────────────────────────────────────────┤
2025-07-02T21:03:14.9963242Z │ libssl3       │ CVE-2023-5363  │ HIGH     │        │                   │ 3.1.4-r0      │ openssl: Incorrect cipher key and IV length processing      │
2025-07-02T21:03:14.9963976Z │               │                │          │        │                   │               │ https://avd.aquasec.com/nvd/cve-2023-5363                   │
2025-07-02T21:03:14.9964503Z │               ├────────────────┤          │        │                   ├───────────────┼─────────────────────────────────────────────────────────────┤
2025-07-02T21:03:14.9965050Z │               │ CVE-2024-6119  │          │        │                   │ 3.1.7-r0      │ openssl: Possible denial of service in X.509 name checks    │
2025-07-02T21:03:14.9965593Z │               │                │          │        │                   │               │ https://avd.aquasec.com/nvd/cve-2024-6119                   │
2025-07-02T21:03:14.9966127Z │               ├────────────────┼──────────┤        │                   ├───────────────┼─────────────────────────────────────────────────────────────┤
2025-07-02T21:03:14.9966801Z │               │ CVE-2023-5678  │ MEDIUM   │        │                   │ 3.1.4-r1      │ openssl: Generating excessively long X9.42 DH keys or       │
2025-07-02T21:03:14.9967372Z │               │                │          │        │                   │               │ checking excessively long X9.42...                          │
2025-07-02T21:03:14.9967867Z │               │                │          │        │                   │               │ https://avd.aquasec.com/nvd/cve-2023-5678                   │
2025-07-02T21:03:14.9968522Z │               ├────────────────┤          │        │                   ├───────────────┼─────────────────────────────────────────────────────────────┤
2025-07-02T21:03:14.9969070Z │               │ CVE-2023-6129  │          │        │                   │ 3.1.4-r3      │ openssl: POLY1305 MAC implementation corrupts vector        │
2025-07-02T21:03:14.9969617Z │               │                │          │        │                   │               │ registers on PowerPC                                        │
2025-07-02T21:03:14.9970122Z │               │                │          │        │                   │               │ https://avd.aquasec.com/nvd/cve-2023-6129                   │
2025-07-02T21:03:14.9970651Z │               ├────────────────┤          │        │                   ├───────────────┼─────────────────────────────────────────────────────────────┤
2025-07-02T21:03:14.9971203Z │               │ CVE-2023-6237  │          │        │                   │ 3.1.4-r4      │ openssl: Excessive time spent checking invalid RSA public   │
2025-07-02T21:03:14.9971706Z │               │                │          │        │                   │               │ keys                                                        │
2025-07-02T21:03:14.9972163Z │               │                │          │        │                   │               │ https://avd.aquasec.com/nvd/cve-2023-6237                   │
2025-07-02T21:03:14.9972680Z │               ├────────────────┤          │        │                   ├───────────────┼─────────────────────────────────────────────────────────────┤
2025-07-02T21:03:14.9973365Z │               │ CVE-2024-0727  │          │        │                   │ 3.1.4-r5      │ openssl: denial of service via null dereference             │
2025-07-02T21:03:14.9973910Z │               │                │          │        │                   │               │ https://avd.aquasec.com/nvd/cve-2024-0727                   │
2025-07-02T21:03:14.9974440Z │               ├────────────────┤          │        │                   ├───────────────┼─────────────────────────────────────────────────────────────┤
2025-07-02T21:03:14.9974981Z │               │ CVE-2024-13176 │          │        │                   │ 3.1.8-r0      │ openssl: Timing side-channel in ECDSA signature computation │
2025-07-02T21:03:14.9975543Z │               │                │          │        │                   │               │ https://avd.aquasec.com/nvd/cve-2024-13176                  │
2025-07-02T21:03:14.9976077Z │               ├────────────────┤          │        │                   ├───────────────┼─────────────────────────────────────────────────────────────┤
2025-07-02T21:03:14.9976710Z │               │ CVE-2024-4603  │          │        │                   │ 3.1.5-r0      │ openssl: Excessive time spent checking DSA keys and         │
2025-07-02T21:03:14.9977235Z │               │                │          │        │                   │               │ parameters                                                  │
2025-07-02T21:03:14.9977846Z │               │                │          │        │                   │               │ https://avd.aquasec.com/nvd/cve-2024-4603                   │
2025-07-02T21:03:14.9978367Z │               ├────────────────┤          │        │                   ├───────────────┼─────────────────────────────────────────────────────────────┤
2025-07-02T21:03:14.9978890Z │               │ CVE-2024-4741  │          │        │                   │ 3.1.6-r0      │ openssl: Use After Free with SSL_free_buffers               │
2025-07-02T21:03:14.9979455Z │               │                │          │        │                   │               │ https://avd.aquasec.com/nvd/cve-2024-4741                   │
2025-07-02T21:03:14.9979969Z │               ├────────────────┤          │        │                   │               ├─────────────────────────────────────────────────────────────┤
2025-07-02T21:03:14.9980490Z │               │ CVE-2024-5535  │          │        │                   │               │ openssl: SSL_select_next_proto buffer overread              │
2025-07-02T21:03:14.9981034Z │               │                │          │        │                   │               │ https://avd.aquasec.com/nvd/cve-2024-5535                   │
2025-07-02T21:03:14.9981572Z │               ├────────────────┼──────────┤        │                   ├───────────────┼─────────────────────────────────────────────────────────────┤
2025-07-02T21:03:14.9982243Z │               │ CVE-2024-2511  │ LOW      │        │                   │ 3.1.4-r6      │ openssl: Unbounded memory growth with session handling in   │
2025-07-02T21:03:14.9992087Z │               │                │          │        │                   │               │ TLSv1.3                                                     │
2025-07-02T21:03:14.9992610Z │               │                │          │        │                   │               │ https://avd.aquasec.com/nvd/cve-2024-2511                   │
2025-07-02T21:03:14.9993184Z │               ├────────────────┤          │        │                   ├───────────────┼─────────────────────────────────────────────────────────────┤
2025-07-02T21:03:14.9993731Z │               │ CVE-2024-9143  │          │        │                   │ 3.1.7-r1      │ openssl: Low-level invalid GF(2^m) parameters lead to OOB   │
2025-07-02T21:03:14.9994275Z │               │                │          │        │                   │               │ memory access                                               │
2025-07-02T21:03:14.9994784Z │               │                │          │        │                   │               │ https://avd.aquasec.com/nvd/cve-2024-9143                   │
2025-07-02T21:03:14.9995354Z ├───────────────┼────────────────┼──────────┤        ├───────────────────┼───────────────┼─────────────────────────────────────────────────────────────┤
2025-07-02T21:03:14.9996163Z │ musl          │ CVE-2025-26519 │ UNKNOWN  │        │ 1.2.4-r1          │ 1.2.4-r3      │ musl libc 0.9.13 through 1.2.5 before 1.2.6 has an          │
2025-07-02T21:03:14.9996883Z │               │                │          │        │                   │               │ out-of-bounds write ......                                  │
2025-07-02T21:03:14.9997370Z │               │                │          │        │                   │               │ https://avd.aquasec.com/nvd/cve-2025-26519                  │
2025-07-02T21:03:14.9997826Z ├───────────────┤                │          │        │                   │               │                                                             │
2025-07-02T21:03:14.9998273Z │ musl-utils    │                │          │        │                   │               │                                                             │
2025-07-02T21:03:14.9998692Z │               │                │          │        │                   │               │                                                             │
2025-07-02T21:03:14.9999088Z │               │                │          │        │                   │               │                                                             │
2025-07-02T21:03:14.9999604Z ├───────────────┼────────────────┼──────────┤        ├───────────────────┼───────────────┼─────────────────────────────────────────────────────────────┤
2025-07-02T21:03:15.0000221Z │ ssl_client    │ CVE-2023-42363 │ MEDIUM   │        │ 1.36.1-r2         │ 1.36.1-r7     │ busybox: use-after-free in awk                              │
2025-07-02T21:03:15.0000967Z │               │                │          │        │                   │               │ https://avd.aquasec.com/nvd/cve-2023-42363                  │
2025-07-02T21:03:15.0001476Z │               ├────────────────┤          │        │                   │               ├─────────────────────────────────────────────────────────────┤
2025-07-02T21:03:15.0001970Z │               │ CVE-2023-42364 │          │        │                   │               │ busybox: use-after-free                                     │
2025-07-02T21:03:15.0002610Z │               │                │          │        │                   │               │ https://avd.aquasec.com/nvd/cve-2023-42364                  │
2025-07-02T21:03:15.0003111Z │               ├────────────────┤          │        │                   │               ├─────────────────────────────────────────────────────────────┤
2025-07-02T21:03:15.0003599Z │               │ CVE-2023-42365 │          │        │                   │               │ busybox: use-after-free                                     │
2025-07-02T21:03:15.0004136Z │               │                │          │        │                   │               │ https://avd.aquasec.com/nvd/cve-2023-42365                  │
2025-07-02T21:03:15.0004651Z │               ├────────────────┤          │        │                   ├───────────────┼─────────────────────────────────────────────────────────────┤
2025-07-02T21:03:15.0005184Z │               │ CVE-2023-42366 │          │        │                   │ 1.36.1-r6     │ busybox: A heap-buffer-overflow                             │
2025-07-02T21:03:15.0005718Z │               │                │          │        │                   │               │ https://avd.aquasec.com/nvd/cve-2023-42366                  │
2025-07-02T21:03:15.0006291Z └───────────────┴────────────────┴──────────┴────────┴───────────────────┴───────────────┴─────────────────────────────────────────────────────────────┘
2025-07-02T21:03:15.0006647Z 
2025-07-02T21:03:15.0006854Z Node.js (node-pkg)
2025-07-02T21:03:15.0007033Z ==================
2025-07-02T21:03:15.0007262Z Total: 27 (UNKNOWN: 0, LOW: 8, MEDIUM: 5, HIGH: 10, CRITICAL: 4)
2025-07-02T21:03:15.0007483Z 
2025-07-02T21:03:15.0007952Z ┌────────────────────────────────┬─────────────────────┬──────────┬────────┬───────────────────┬──────────────────────────────────────────────────────────┬──────────────────────────────────────────────────────────────┐
2025-07-02T21:03:15.0008761Z │            Library             │    Vulnerability    │ Severity │ Status │ Installed Version │                      Fixed Version                       │                            Title                             │
2025-07-02T21:03:15.0009637Z ├────────────────────────────────┼─────────────────────┼──────────┼────────┼───────────────────┼──────────────────────────────────────────────────────────┼──────────────────────────────────────────────────────────────┤
2025-07-02T21:03:15.0010418Z │ async (package.json)           │ CVE-2021-43138      │ HIGH     │ fixed  │ 2.1.4             │ 3.2.2, 2.6.4                                             │ async: Prototype Pollution in async                          │
2025-07-02T21:03:15.0011167Z │                                │                     │          │        │                   │                                                          │ https://avd.aquasec.com/nvd/cve-2021-43138                   │
2025-07-02T21:03:15.0011995Z ├────────────────────────────────┼─────────────────────┤          │        ├───────────────────┼──────────────────────────────────────────────────────────┼──────────────────────────────────────────────────────────────┤
2025-07-02T21:03:15.0012759Z │ body-parser (package.json)     │ CVE-2024-45590      │          │        │ 1.18.3            │ 1.20.3                                                   │ body-parser: Denial of Service Vulnerability in body-parser  │
2025-07-02T21:03:15.0013474Z │                                │                     │          │        │                   │                                                          │ https://avd.aquasec.com/nvd/cve-2024-45590                   │
2025-07-02T21:03:15.0014197Z ├────────────────────────────────┼─────────────────────┼──────────┤        ├───────────────────┼──────────────────────────────────────────────────────────┼──────────────────────────────────────────────────────────────┤
2025-07-02T21:03:15.0015003Z │ brace-expansion (package.json) │ CVE-2025-5889       │ LOW      │        │ 1.1.11            │ 2.0.2, 1.1.12, 3.0.1, 4.0.1                              │ brace-expansion: juliangruber brace-expansion index.js       │
2025-07-02T21:03:15.0015744Z │                                │                     │          │        │                   │                                                          │ expand redos                                                 │
2025-07-02T21:03:15.0016293Z │                                │                     │          │        │                   │                                                          │ https://avd.aquasec.com/nvd/cve-2025-5889                    │
2025-07-02T21:03:15.0017050Z │                                │                     │          │        │                   │                                                          │                                                              │
2025-07-02T21:03:15.0017516Z │                                │                     │          │        │                   │                                                          │                                                              │
2025-07-02T21:03:15.0017983Z │                                │                     │          │        │                   │                                                          │                                                              │
2025-07-02T21:03:15.0018443Z │                                │                     │          │        │                   │                                                          │                                                              │
2025-07-02T21:03:15.0018943Z │                                │                     │          │        ├───────────────────┤                                                          │                                                              │
2025-07-02T21:03:15.0019422Z │                                │                     │          │        │ 2.0.1             │                                                          │                                                              │
2025-07-02T21:03:15.0020021Z │                                │                     │          │        │                   │                                                          │                                                              │
2025-07-02T21:03:15.0020487Z │                                │                     │          │        │                   │                                                          │                                                              │
2025-07-02T21:03:15.0021194Z ├────────────────────────────────┼─────────────────────┼──────────┤        ├───────────────────┼──────────────────────────────────────────────────────────┼──────────────────────────────────────────────────────────────┤
2025-07-02T21:03:15.0021958Z │ bson (package.json)            │ CVE-2020-7610       │ CRITICAL │        │ 1.0.9             │ 1.1.4                                                    │ bson: Deserialization of Untrusted Data could result in Code │
2025-07-02T21:03:15.0022699Z │                                │                     │          │        │                   │                                                          │ injection or Excessive...                                    │
2025-07-02T21:03:15.0023278Z │                                │                     │          │        │                   │                                                          │ https://avd.aquasec.com/nvd/cve-2020-7610                    │
2025-07-02T21:03:15.0024002Z │                                ├─────────────────────┼──────────┤        │                   │                                                          ├──────────────────────────────────────────────────────────────┤
2025-07-02T21:03:15.0024625Z │                                │ CVE-2019-2391       │ MEDIUM   │        │                   │                                                          │ Incorrect parsing of certain JSON input may result in        │
2025-07-02T21:03:15.0025258Z │                                │                     │          │        │                   │                                                          │ js-bson not corr...                                          │
2025-07-02T21:03:15.0025805Z │                                │                     │          │        │                   │                                                          │ https://avd.aquasec.com/nvd/cve-2019-2391                    │
2025-07-02T21:03:15.0026634Z ├────────────────────────────────┼─────────────────────┼──────────┤        ├───────────────────┼──────────────────────────────────────────────────────────┼──────────────────────────────────────────────────────────────┤
2025-07-02T21:03:15.0027387Z │ cookie (package.json)          │ CVE-2024-47764      │ LOW      │        │ 0.3.1             │ 0.7.0                                                    │ cookie: cookie accepts cookie name, path, and domain with    │
2025-07-02T21:03:15.0028183Z │                                │                     │          │        │                   │                                                          │ out of bounds...                                             │
2025-07-02T21:03:15.0028737Z │                                │                     │          │        │                   │                                                          │ https://avd.aquasec.com/nvd/cve-2024-47764                   │
2025-07-02T21:03:15.0029455Z ├────────────────────────────────┼─────────────────────┼──────────┤        ├───────────────────┼──────────────────────────────────────────────────────────┼──────────────────────────────────────────────────────────────┤
2025-07-02T21:03:15.0030259Z │ express (package.json)         │ CVE-2024-29041      │ MEDIUM   │        │ 4.16.4            │ 4.19.2, 5.0.0-beta.3                                     │ express: cause malformed URLs to be evaluated                │
2025-07-02T21:03:15.0031001Z │                                │                     │          │        │                   │                                                          │ https://avd.aquasec.com/nvd/cve-2024-29041                   │
2025-07-02T21:03:15.0031669Z │                                ├─────────────────────┼──────────┤        │                   ├──────────────────────────────────────────────────────────┼──────────────────────────────────────────────────────────────┤
2025-07-02T21:03:15.0032333Z │                                │ CVE-2024-43796      │ LOW      │        │                   │ 4.20.0, 5.0.0                                            │ express: Improper Input Handling in Express Redirects        │
2025-07-02T21:03:15.0033104Z │                                │                     │          │        │                   │                                                          │ https://avd.aquasec.com/nvd/cve-2024-43796                   │
2025-07-02T21:03:15.0033820Z ├────────────────────────────────┼─────────────────────┤          │        ├───────────────────┼──────────────────────────────────────────────────────────┼──────────────────────────────────────────────────────────────┤
2025-07-02T21:03:15.0034548Z │ ip (package.json)              │ CVE-2023-42282      │          │        │ 2.0.0             │ 2.0.1, 1.1.9                                             │ nodejs-ip: arbitrary code execution via the isPublic()       │
2025-07-02T21:03:15.0035189Z │                                │                     │          │        │                   │                                                          │ function                                                     │
2025-07-02T21:03:15.0035757Z │                                │                     │          │        │                   │                                                          │ https://avd.aquasec.com/nvd/cve-2023-42282                   │
2025-07-02T21:03:15.0036563Z ├────────────────────────────────┼─────────────────────┼──────────┤        ├───────────────────┼──────────────────────────────────────────────────────────┼──────────────────────────────────────────────────────────────┤
2025-07-02T21:03:15.0037460Z │ mongodb (package.json)         │ GHSA-mh5c-679w-hh4r │ HIGH     │        │ 2.2.31            │ 3.1.13                                                   │ Denial of Service in mongodb                                 │
2025-07-02T21:03:15.0038179Z │                                │                     │          │        │                   │                                                          │ https://github.com/advisories/GHSA-mh5c-679w-hh4r            │
2025-07-02T21:03:15.0038912Z ├────────────────────────────────┼─────────────────────┼──────────┤        ├───────────────────┼──────────────────────────────────────────────────────────┼──────────────────────────────────────────────────────────────┤
2025-07-02T21:03:15.0039697Z │ mongoose (package.json)        │ CVE-2019-17426      │ CRITICAL │        │ 4.11.14           │ 5.7.5, 4.13.21                                           │ Improper Input Validation in Automattic Mongoose             │
2025-07-02T21:03:15.0040448Z │                                │                     │          │        │                   │                                                          │ https://avd.aquasec.com/nvd/cve-2019-17426                   │
2025-07-02T21:03:15.0041094Z │                                ├─────────────────────┤          │        │                   ├──────────────────────────────────────────────────────────┼──────────────────────────────────────────────────────────────┤
2025-07-02T21:03:15.0041865Z │                                │ CVE-2023-3696       │          │        │                   │ 7.3.3, 6.11.3, 5.13.20                                   │ Mongoose Prototype Pollution vulnerability                   │
2025-07-02T21:03:15.0042507Z │                                │                     │          │        │                   │                                                          │ https://avd.aquasec.com/nvd/cve-2023-3696                    │
2025-07-02T21:03:15.0043275Z │                                ├─────────────────────┤          │        │                   ├──────────────────────────────────────────────────────────┼──────────────────────────────────────────────────────────────┤
2025-07-02T21:03:15.0043915Z │                                │ CVE-2025-23061      │          │        │                   │ 8.9.5, 7.8.4, 6.13.6                                     │ Mongoose search injection vulnerability                      │
2025-07-02T21:03:15.0044563Z │                                │                     │          │        │                   │                                                          │ https://avd.aquasec.com/nvd/cve-2025-23061                   │
2025-07-02T21:03:15.0045216Z │                                ├─────────────────────┼──────────┤        │                   ├──────────────────────────────────────────────────────────┼──────────────────────────────────────────────────────────────┤
2025-07-02T21:03:15.0045892Z │                                │ CVE-2022-2564       │ HIGH     │        │                   │ 6.4.6, 5.13.15                                           │ automattic/mongoose vulnerable to Prototype pollution via    │
2025-07-02T21:03:15.0046614Z │                                │                     │          │        │                   │                                                          │ Schema.path                                                  │
2025-07-02T21:03:15.0047299Z │                                │                     │          │        │                   │                                                          │ https://avd.aquasec.com/nvd/cve-2022-2564                    │
2025-07-02T21:03:15.0047944Z │                                ├─────────────────────┤          │        │                   ├──────────────────────────────────────────────────────────┼──────────────────────────────────────────────────────────────┤
2025-07-02T21:03:15.0048610Z │                                │ CVE-2024-53900      │          │        │                   │ 8.8.3, 7.8.3, 6.13.5                                     │ Mongoose search injection vulnerability                      │
2025-07-02T21:03:15.0049243Z │                                │                     │          │        │                   │                                                          │ https://avd.aquasec.com/nvd/cve-2024-53900                   │
2025-07-02T21:03:15.0049961Z ├────────────────────────────────┼─────────────────────┤          │        ├───────────────────┼──────────────────────────────────────────────────────────┼──────────────────────────────────────────────────────────────┤
2025-07-02T21:03:15.0050697Z │ mpath (package.json)           │ CVE-2018-16490      │          │        │ 0.3.0             │ >=0.5.1                                                  │ nodejs-mpath: prototype pollution in Object.prototype        │
2025-07-02T21:03:15.0051510Z │                                │                     │          │        │                   │                                                          │ https://avd.aquasec.com/nvd/cve-2018-16490                   │
2025-07-02T21:03:15.0052173Z │                                ├─────────────────────┼──────────┤        │                   ├──────────────────────────────────────────────────────────┼──────────────────────────────────────────────────────────────┤
2025-07-02T21:03:15.0052833Z │                                │ CVE-2021-23438      │ MEDIUM   │        │                   │ 0.8.4                                                    │ mpath: type confusion can lead to a bypass of CVE-2018-16490 │
2025-07-02T21:03:15.0053491Z │                                │                     │          │        │                   │                                                          │ https://avd.aquasec.com/nvd/cve-2021-23438                   │
2025-07-02T21:03:15.0054204Z ├────────────────────────────────┼─────────────────────┤          │        ├───────────────────┼──────────────────────────────────────────────────────────┼──────────────────────────────────────────────────────────────┤
2025-07-02T21:03:15.0054921Z │ mquery (package.json)          │ CVE-2020-35149      │          │        │ 2.3.2             │ 3.2.3                                                    │ mquery: Code injection via merge or clone operation          │
2025-07-02T21:03:15.0055606Z │                                │                     │          │        │                   │                                                          │ https://avd.aquasec.com/nvd/cve-2020-35149                   │
2025-07-02T21:03:15.0056507Z ├────────────────────────────────┼─────────────────────┼──────────┤        ├───────────────────┼──────────────────────────────────────────────────────────┼──────────────────────────────────────────────────────────────┤
2025-07-02T21:03:15.0057337Z │ path-to-regexp (package.json)  │ CVE-2024-45296      │ HIGH     │        │ 0.1.7             │ 1.9.0, 0.1.10, 8.0.0, 3.3.0, 6.3.0                       │ path-to-regexp: Backtracking regular expressions cause ReDoS │
2025-07-02T21:03:15.0058084Z │                                │                     │          │        │                   │                                                          │ https://avd.aquasec.com/nvd/cve-2024-45296                   │
2025-07-02T21:03:15.0058731Z │                                ├─────────────────────┤          │        │                   ├──────────────────────────────────────────────────────────┼──────────────────────────────────────────────────────────────┤
2025-07-02T21:03:15.0059394Z │                                │ CVE-2024-52798      │          │        │                   │ 0.1.12                                                   │ path-to-regexp: path-to-regexp Unpatched `path-to-regexp`    │
2025-07-02T21:03:15.0060006Z │                                │                     │          │        │                   │                                                          │ ReDoS in 0.1.x                                               │
2025-07-02T21:03:15.0060683Z │                                │                     │          │        │                   │                                                          │ https://avd.aquasec.com/nvd/cve-2024-52798                   │
2025-07-02T21:03:15.0061383Z ├────────────────────────────────┼─────────────────────┤          │        ├───────────────────┼──────────────────────────────────────────────────────────┼──────────────────────────────────────────────────────────────┤
2025-07-02T21:03:15.0062152Z │ qs (package.json)              │ CVE-2022-24999      │          │        │ 6.5.2             │ 6.10.3, 6.9.7, 6.8.3, 6.7.3, 6.6.1, 6.5.3, 6.4.1, 6.3.3, │ express: "qs" prototype poisoning causes the hang of the     │
2025-07-02T21:03:15.0062838Z │                                │                     │          │        │                   │ 6.2.4                                                    │ node process                                                 │
2025-07-02T21:03:15.0063416Z │                                │                     │          │        │                   │                                                          │ https://avd.aquasec.com/nvd/cve-2022-24999                   │
2025-07-02T21:03:15.0064113Z ├────────────────────────────────┼─────────────────────┤          │        ├───────────────────┼──────────────────────────────────────────────────────────┼──────────────────────────────────────────────────────────────┤
2025-07-02T21:03:15.0064980Z │ semver (package.json)          │ CVE-2022-25883      │          │        │ 7.3.7             │ 7.5.2, 6.3.1, 5.7.2                                      │ nodejs-semver: Regular expression denial of service          │
2025-07-02T21:03:15.0065681Z │                                │                     │          │        │                   │                                                          │ https://avd.aquasec.com/nvd/cve-2022-25883                   │
2025-07-02T21:03:15.0066578Z ├────────────────────────────────┼─────────────────────┼──────────┤        ├───────────────────┼──────────────────────────────────────────────────────────┼──────────────────────────────────────────────────────────────┤
2025-07-02T21:03:15.0067323Z │ send (package.json)            │ CVE-2024-43799      │ LOW      │        │ 0.16.2            │ 0.19.0                                                   │ send: Code Execution Vulnerability in Send Library           │
2025-07-02T21:03:15.0068029Z │                                │                     │          │        │                   │                                                          │ https://avd.aquasec.com/nvd/cve-2024-43799                   │
2025-07-02T21:03:15.0068730Z ├────────────────────────────────┼─────────────────────┤          │        ├───────────────────┼──────────────────────────────────────────────────────────┼──────────────────────────────────────────────────────────────┤
2025-07-02T21:03:15.0069517Z │ serve-static (package.json)    │ CVE-2024-43800      │          │        │ 1.13.2            │ 1.16.0, 2.1.0                                            │ serve-static: Improper Sanitization in serve-static          │
2025-07-02T21:03:15.0070233Z │                                │                     │          │        │                   │                                                          │ https://avd.aquasec.com/nvd/cve-2024-43800                   │
2025-07-02T21:03:15.0071070Z ├────────────────────────────────┼─────────────────────┼──────────┤        ├───────────────────┼──────────────────────────────────────────────────────────┼──────────────────────────────────────────────────────────────┤
2025-07-02T21:03:15.0071819Z │ tar (package.json)             │ CVE-2024-28863      │ MEDIUM   │        │ 6.1.11            │ 6.2.1                                                    │ node-tar: denial of service while parsing a tar file due to  │
2025-07-02T21:03:15.0072490Z │                                │                     │          │        │                   │                                                          │ lack...                                                      │
2025-07-02T21:03:15.0073022Z │                                │                     │          │        │                   │                                                          │ https://avd.aquasec.com/nvd/cve-2024-28863                   │
2025-07-02T21:03:15.0073741Z └────────────────────────────────┴─────────────────────┴──────────┴────────┴───────────────────┴──────────────────────────────────────────────────────────┴──────────────────────────────────────────────────────────────┘
2025-07-02T21:03:15.0089683Z ##[group]Run rm -f trivy_envs.txt
2025-07-02T21:03:15.0089940Z [36;1mrm -f trivy_envs.txt[0m
2025-07-02T21:03:15.0147256Z shell: /usr/bin/bash --noprofile --norc -e -o pipefail {0}
2025-07-02T21:03:15.0147729Z ##[endgroup]
